Archive member included to satisfy reference by file (symbol)

/usr/lib/gcc/arm-none-eabi/13.2.1/../../../arm-none-eabi/lib/thumb/v6-m/nofp/libstdc++.a(string-inst.o)
                              CMakeFiles/ARK_Avionics.dir/ARK/Ark.cpp.o (std::__cxx11::basic_string<char, std::char_traits<char>, std::allocator<char> >::_M_create(unsigned int&, unsigned int))
/usr/lib/gcc/arm-none-eabi/13.2.1/../../../arm-none-eabi/lib/thumb/v6-m/nofp/libstdc++.a(eh_arm.o)
                              /usr/lib/gcc/arm-none-eabi/13.2.1/../../../arm-none-eabi/lib/thumb/v6-m/nofp/libstdc++.a(string-inst.o) (__cxa_end_cleanup)
/usr/lib/gcc/arm-none-eabi/13.2.1/../../../arm-none-eabi/lib/thumb/v6-m/nofp/libstdc++.a(eh_catch.o)
                              /usr/lib/gcc/arm-none-eabi/13.2.1/../../../arm-none-eabi/lib/thumb/v6-m/nofp/libstdc++.a(string-inst.o) (__cxa_begin_catch)
/usr/lib/gcc/arm-none-eabi/13.2.1/../../../arm-none-eabi/lib/thumb/v6-m/nofp/libstdc++.a(eh_exception.o)
                              /usr/lib/gcc/arm-none-eabi/13.2.1/../../../arm-none-eabi/lib/thumb/v6-m/nofp/libstdc++.a(string-inst.o) (typeinfo for __cxxabiv1::__forced_unwind)
/usr/lib/gcc/arm-none-eabi/13.2.1/../../../arm-none-eabi/lib/thumb/v6-m/nofp/libstdc++.a(eh_globals.o)
                              /usr/lib/gcc/arm-none-eabi/13.2.1/../../../arm-none-eabi/lib/thumb/v6-m/nofp/libstdc++.a(eh_catch.o) (__cxa_get_globals_fast)
/usr/lib/gcc/arm-none-eabi/13.2.1/../../../arm-none-eabi/lib/thumb/v6-m/nofp/libstdc++.a(eh_personality.o)
                              /usr/lib/gcc/arm-none-eabi/13.2.1/../../../arm-none-eabi/lib/thumb/v6-m/nofp/libstdc++.a(string-inst.o) (__gxx_personality_v0)
/usr/lib/gcc/arm-none-eabi/13.2.1/../../../arm-none-eabi/lib/thumb/v6-m/nofp/libstdc++.a(eh_terminate.o)
                              /usr/lib/gcc/arm-none-eabi/13.2.1/../../../arm-none-eabi/lib/thumb/v6-m/nofp/libstdc++.a(eh_arm.o) (std::terminate())
/usr/lib/gcc/arm-none-eabi/13.2.1/../../../arm-none-eabi/lib/thumb/v6-m/nofp/libstdc++.a(eh_throw.o)
                              /usr/lib/gcc/arm-none-eabi/13.2.1/../../../arm-none-eabi/lib/thumb/v6-m/nofp/libstdc++.a(string-inst.o) (__cxa_rethrow)
/usr/lib/gcc/arm-none-eabi/13.2.1/../../../arm-none-eabi/lib/thumb/v6-m/nofp/libstdc++.a(eh_unex_handler.o)
                              /usr/lib/gcc/arm-none-eabi/13.2.1/../../../arm-none-eabi/lib/thumb/v6-m/nofp/libstdc++.a(eh_terminate.o) (__cxxabiv1::__unexpected_handler)
/usr/lib/gcc/arm-none-eabi/13.2.1/../../../arm-none-eabi/lib/thumb/v6-m/nofp/libstdc++.a(si_class_type_info.o)
                              /usr/lib/gcc/arm-none-eabi/13.2.1/../../../arm-none-eabi/lib/thumb/v6-m/nofp/libstdc++.a(eh_exception.o) (vtable for __cxxabiv1::__si_class_type_info)
/usr/lib/gcc/arm-none-eabi/13.2.1/../../../arm-none-eabi/lib/thumb/v6-m/nofp/libstdc++.a(tinfo.o)
                              /usr/lib/gcc/arm-none-eabi/13.2.1/../../../arm-none-eabi/lib/thumb/v6-m/nofp/libstdc++.a(si_class_type_info.o) (std::type_info::__is_pointer_p() const)
/usr/lib/gcc/arm-none-eabi/13.2.1/../../../arm-none-eabi/lib/thumb/v6-m/nofp/libstdc++.a(functexcept.o)
                              /usr/lib/gcc/arm-none-eabi/13.2.1/../../../arm-none-eabi/lib/thumb/v6-m/nofp/libstdc++.a(string-inst.o) (std::__throw_bad_alloc())
/usr/lib/gcc/arm-none-eabi/13.2.1/../../../arm-none-eabi/lib/thumb/v6-m/nofp/libstdc++.a(bad_alloc.o)
                              /usr/lib/gcc/arm-none-eabi/13.2.1/../../../arm-none-eabi/lib/thumb/v6-m/nofp/libstdc++.a(functexcept.o) (vtable for std::bad_alloc)
/usr/lib/gcc/arm-none-eabi/13.2.1/../../../arm-none-eabi/lib/thumb/v6-m/nofp/libstdc++.a(bad_array_new.o)
                              /usr/lib/gcc/arm-none-eabi/13.2.1/../../../arm-none-eabi/lib/thumb/v6-m/nofp/libstdc++.a(functexcept.o) (vtable for std::bad_array_new_length)
/usr/lib/gcc/arm-none-eabi/13.2.1/../../../arm-none-eabi/lib/thumb/v6-m/nofp/libstdc++.a(bad_cast.o)
                              /usr/lib/gcc/arm-none-eabi/13.2.1/../../../arm-none-eabi/lib/thumb/v6-m/nofp/libstdc++.a(functexcept.o) (vtable for std::bad_cast)
/usr/lib/gcc/arm-none-eabi/13.2.1/../../../arm-none-eabi/lib/thumb/v6-m/nofp/libstdc++.a(bad_typeid.o)
                              /usr/lib/gcc/arm-none-eabi/13.2.1/../../../arm-none-eabi/lib/thumb/v6-m/nofp/libstdc++.a(functexcept.o) (vtable for std::bad_typeid)
/usr/lib/gcc/arm-none-eabi/13.2.1/../../../arm-none-eabi/lib/thumb/v6-m/nofp/libstdc++.a(class_type_info.o)
                              /usr/lib/gcc/arm-none-eabi/13.2.1/../../../arm-none-eabi/lib/thumb/v6-m/nofp/libstdc++.a(si_class_type_info.o) (__cxxabiv1::__class_type_info::__do_upcast(__cxxabiv1::__class_type_info const*, void**) const)
/usr/lib/gcc/arm-none-eabi/13.2.1/../../../arm-none-eabi/lib/thumb/v6-m/nofp/libstdc++.a(eh_alloc.o)
                              /usr/lib/gcc/arm-none-eabi/13.2.1/../../../arm-none-eabi/lib/thumb/v6-m/nofp/libstdc++.a(functexcept.o) (__cxa_allocate_exception)
[...]
Memory Configuration

Name             Origin             Length             Attributes
FLASH            0x10000000         0x00200000         xr
RAM              0x20000000         0x00040000         xrw
SCRATCH_X        0x20040000         0x00001000         xrw
SCRATCH_Y        0x20041000         0x00001000         xrw
*default*        0x00000000         0xffffffff

Linker script and memory map

LOAD /usr/lib/gcc/arm-none-eabi/13.2.1/thumb/v6-m/nofp/crti.o
LOAD /usr/lib/gcc/arm-none-eabi/13.2.1/thumb/v6-m/nofp/crtbegin.o
LOAD /usr/lib/gcc/arm-none-eabi/13.2.1/../../../arm-none-eabi/lib/thumb/v6-m/nofp/crt0.o

.flash_begin    0x10000000        0x0
                0x10000000                        __flash_binary_start = .

.boot2          0x10000000      0x100
                0x10000000                        __boot2_start__ = .
 *(.boot2)
 .boot2         0x10000000      0x100 pico-sdk/src/rp2040/boot_stage2/CMakeFiles/bs2_default_library.dir/bs2_default_padded_checksummed.S.o
                0x10000100                        __boot2_end__ = .
                0x00000001                        ASSERT (((__boot2_end__ - __boot2_start__) == 0x100), ERROR: Pico second stage bootloader must be 256 bytes in size)

.text           0x10000100     0x602c
                0x10000100                        __logical_binary_start = .
 *(.vectors)
 .vectors       0x10000100       0xd4 CMakeFiles/ARK_Avionics.dir/home/kunsh/.pico-sdk/sdk/2.2.0/src/rp2_common/pico_crt0/crt0.S.o
                0x10000100                __vectors
                0x10000100                __VECTOR_TABLE
                0x100001c0                isr_irq30
                0x100001c0                __unhandled_user_irq
                0x100001c0                isr_irq13
                0x100001c0                isr_irq27
                0x100001c0                isr_irq31
                0x100001c0                isr_irq5
                0x100001c0                isr_irq11
                0x100001c0                isr_irq23
                0x100001c0                isr_irq18
                0x100001c0                isr_irq28
                0x100001c0                isr_irq19
                0x100001c0                isr_irq0
                0x100001c0                isr_irq6
                0x100001c0                isr_irq22
                0x100001c0                isr_irq17
                0x100001c0                isr_irq14
                0x100001c0                __vectors_end
                0x100001c0                __default_isrs_start
                0x100001c0                isr_irq2
                0x100001c0                isr_irq10
                0x100001c0                isr_irq8
                0x100001c0                isr_irq24
                0x100001c0                isr_irq1
                0x100001c0                isr_irq7
                0x100001c0                isr_irq21
                0x100001c0                isr_irq20
                0x100001c0                isr_irq15
                0x100001c0                isr_irq25
                0x100001c0                isr_irq4
                0x100001c0                isr_irq16
                0x100001c0                isr_irq29
                0x100001c0                isr_irq26
                0x100001c0                isr_irq3
                0x100001c0                isr_irq12
                0x100001c0                isr_irq9
                0x100001c6                unhandled_user_irq_num_in_r0
                0x100001c8                isr_invalid
                0x100001ca                isr_nmi
                0x100001cc                isr_hardfault
                0x100001ce                isr_svcall
                0x100001d0                isr_pendsv
                0x100001d2                isr_systick
                0x100001d4                __default_isrs_end
 *(.binary_info_header)
 .binary_info_header
                0x100001d4       0x14 CMakeFiles/ARK_Avionics.dir/home/kunsh/.pico-sdk/sdk/2.2.0/src/rp2_common/pico_crt0/crt0.S.o
                0x100001e8                        __binary_info_header_end = .
 *(.embedded_block)
                0x100001e8                        __embedded_block_end = .
 *(.reset)
 .reset         0x100001e8       0x9c CMakeFiles/ARK_Avionics.dir/home/kunsh/.pico-sdk/sdk/2.2.0/src/rp2_common/pico_crt0/crt0.S.o
                0x100001e8                _entry_point
 *(.init)
 .init          0x10000284        0x4 /usr/lib/gcc/arm-none-eabi/13.2.1/thumb/v6-m/nofp/crti.o
                0x10000284                _init
 *(EXCLUDE_FILE(*libm.a: *libc.a:*lib_a-mem*.o *libgcc.a:) .text*)
 .text          0x10000288       0x98 /usr/lib/gcc/arm-none-eabi/13.2.1/thumb/v6-m/nofp/crtbegin.o
 .text._ZN3ARK12SuperiorLoop3RunEv
                0x10000320      0x1b8 CMakeFiles/ARK_Avionics.dir/ARK/Kernel/Loops/SuperiorLoop.cpp.o
                0x10000320                ARK::SuperiorLoop::Run()
 .text._ZN3ARK12SuperiorLoop5StartEv
                0x100004d8       0xbc CMakeFiles/ARK_Avionics.dir/ARK/Kernel/Loops/SuperiorLoop.cpp.o
                0x100004d8                ARK::SuperiorLoop::Start()
 .text._ZN13StatesManager10HandleBootEv
                0x10000594        0x4 CMakeFiles/ARK_Avionics.dir/ARK/Kernel/StateMachine/States.cpp.o
                0x10000594                StatesManager::HandleInitializing()
                0x10000594                StatesManager::HandleLaunch()
                0x10000594                StatesManager::HandleDoubleDeployment()
                0x10000594                StatesManager::HandleDescent()
                0x10000594                StatesManager::HandleArmed()
                0x10000594                StatesManager::HandleFailsafe()
                0x10000594                StatesManager::HandleMainDeployment()
                0x10000594                StatesManager::HandleBoot()
                0x10000594                StatesManager::HandleSeparation()
                0x10000594                StatesManager::HandleDrogue()
                0x10000594                StatesManager::HandleLanded()
                0x10000594                StatesManager::HandleCoasting()
                0x10000594                StatesManager::HandleCalibration()
                0x10000594                StatesManager::HandleBurnout()
                0x10000594                StatesManager::HandleCruising()
                0x10000594                StatesManager::HandlePreArm()
                0x10000594                StatesManager::HandleAscent()
                0x10000594                StatesManager::HandleIdle()
                0x10000594                StatesManager::HandleLandingDetection()
                0x10000594                StatesManager::HandleApogee()
 .text._ZN13StatesManagerD2Ev
                0x10000598        0x4 CMakeFiles/ARK_Avionics.dir/ARK/Kernel/StateMachine/States.cpp.o
                0x10000598                StatesManager::~StatesManager()
                0x10000598                StatesManager::~StatesManager()
 .text._ZN13StatesManagerD0Ev
                0x1000059c       0x10 CMakeFiles/ARK_Avionics.dir/ARK/Kernel/StateMachine/States.cpp.o
                0x1000059c                StatesManager::~StatesManager()
 .text._ZN13StatesManager8SetStateE11FlightState
                0x100005ac        0x4 CMakeFiles/ARK_Avionics.dir/ARK/Kernel/StateMachine/States.cpp.o
                0x100005ac                StatesManager::SetState(FlightState)
 .text._ZNK13StatesManager8GetStateEv
                0x100005b0        0x4 CMakeFiles/ARK_Avionics.dir/ARK/Kernel/StateMachine/States.cpp.o
                0x100005b0                StatesManager::GetState() const
 .text.startup._GLOBAL__sub_I_FlightManager
                0x100005b4       0x14 CMakeFiles/ARK_Avionics.dir/ARK/Kernel/StateMachine/States.cpp.o
 .text._ZN3ARK13ModulesKernel10InitializeEv
                0x100005c8        0x4 CMakeFiles/ARK_Avionics.dir/ARK/Kernel/MicroKernels/ModulesKernel/ModulesKernel.cpp.o
                0x100005c8                ARK::ModulesKernel::Initialize()
 .text._ZN3ARK13ModulesKernel6UpdateEv
                0x100005cc        0x4 CMakeFiles/ARK_Avionics.dir/ARK/Kernel/MicroKernels/ModulesKernel/ModulesKernel.cpp.o
                0x100005cc                ARK::ModulesKernel::Update()
 .text._ZN3ARK12SystemKernel10InitializeEv
                0x100005d0       0x18 CMakeFiles/ARK_Avionics.dir/ARK/Kernel/MicroKernels/SystemKernel/SystemKernel.cpp.o
                0x100005d0                ARK::SystemKernel::Initialize()
 .text._ZN3ARK12SystemKernel4SyncEv
                0x100005e8       0xe4 CMakeFiles/ARK_Avionics.dir/ARK/Kernel/MicroKernels/SystemKernel/SystemKernel.cpp.o
                0x100005e8                ARK::SystemKernel::Sync()
 .text._ZN3ARK10UserKernel10InitializeEv
                0x100006cc        0x8 CMakeFiles/ARK_Avionics.dir/ARK/Kernel/MicroKernels/UserKernel/UserKernel.cpp.o
                0x100006cc                ARK::UserKernel::Initialize()
 .text._ZN3ARK10UserKernel7ExecuteEv
                0x100006d4        0x8 CMakeFiles/ARK_Avionics.dir/ARK/Kernel/MicroKernels/UserKernel/UserKernel.cpp.o
                0x100006d4                ARK::UserKernel::Execute()
 .text._ZN3ARK4FDIR11CheckHealthEv
                0x100006dc        0x4 CMakeFiles/ARK_Avionics.dir/ARK/System/FDIR/FDIR.cpp.o
                0x100006dc                ARK::FDIR::CheckHealth()
 .text._ZN3ARK4FDIR10RaiseFaultENS_5FaultE
                0x100006e0       0x10 CMakeFiles/ARK_Avionics.dir/ARK/System/FDIR/FDIR.cpp.o
                0x100006e0                ARK::FDIR::RaiseFault(ARK::Fault)
 .text._ZN3ARK4FDIR14GetCurrentMaskEv
                0x100006f0        0xc CMakeFiles/ARK_Avionics.dir/ARK/System/FDIR/FDIR.cpp.o
                0x100006f0                ARK::FDIR::GetCurrentMask()
 .text._ZN3ARK4FDIR16IsSystemCriticalEv
                0x100006fc       0x14 CMakeFiles/ARK_Avionics.dir/ARK/System/FDIR/FDIR.cpp.o
                0x100006fc                ARK::FDIR::IsSystemCritical()
 .text.startup._GLOBAL__sub_I__ZN3ARK11SystemFlashE
                0x10000710       0x1c CMakeFiles/ARK_Avionics.dir/ARK/System/Storage/Storage.cpp.o
 .text.startup._GLOBAL__sub_I__ZN3ARK13SystemConsoleE
                0x1000072c       0x1c CMakeFiles/ARK_Avionics.dir/ARK/System/Console/Console.cpp.o
 .text.startup._GLOBAL__sub_I__ZN3ARK10SystemTimeE
                0x10000748       0x1c CMakeFiles/ARK_Avionics.dir/ARK/System/Time/Time.cpp.o
 .text.startup._GLOBAL__sub_I__ZN3ARK11SystemClockE
                0x10000764       0x1c CMakeFiles/ARK_Avionics.dir/ARK/System/Clock/Clock.cpp.o
 .text._ZN7Modules6WS2812C2EP8pio_hw_thh
                0x10000780      0x100 CMakeFiles/ARK_Avionics.dir/Modules/WS2812/WS2812.cpp.o
                0x10000780                Modules::WS2812::WS2812(pio_hw_t*, unsigned char, unsigned char)
                0x10000780                Modules::WS2812::WS2812(pio_hw_t*, unsigned char, unsigned char)
 .text._ZN7Modules6WS28128SetPixelEhhhh
                0x10000880       0x1c CMakeFiles/ARK_Avionics.dir/Modules/WS2812/WS2812.cpp.o
                0x10000880                Modules::WS2812::SetPixel(unsigned char, unsigned char, unsigned char, unsigned char)
 .text._ZN7Modules6WS28124ShowEv
                0x1000089c       0x34 CMakeFiles/ARK_Avionics.dir/Modules/WS2812/WS2812.cpp.o
                0x1000089c                Modules::WS2812::Show()
 .text._Z9UserSetupv
                0x100008d0       0x24 CMakeFiles/ARK_Avionics.dir/User/UserCode.cpp.o
                0x100008d0                UserSetup()
 .text._Z8UserLoopv
                0x100008f4       0x7c CMakeFiles/ARK_Avionics.dir/User/UserCode.cpp.o
                0x100008f4                UserLoop()
 .text._Z23UserEvaluateTransitionsR13StatesManager
                0x10000970       0x84 CMakeFiles/ARK_Avionics.dir/User/UserTransitions.cpp.o
                0x10000970                UserEvaluateTransitions(StatesManager&)
 .text.startup.main
                0x100009f4       0x10 CMakeFiles/ARK_Avionics.dir/ARK/Arch/Pico/Entry.cpp.o
                0x100009f4                main
 .text._ZN3ARK3HAL4Pico5Clock15GetTickPeriodUsEv
                0x10000a04        0xc CMakeFiles/ARK_Avionics.dir/ARK/Arch/Pico/Hal/Clock/Clock.cpp.o
                0x10000a04                ARK::HAL::Pico::Clock::GetTickPeriodUs()
 .text._ZN3ARK3HAL4Pico5ClockD2Ev
                0x10000a10        0x4 CMakeFiles/ARK_Avionics.dir/ARK/Arch/Pico/Hal/Clock/Clock.cpp.o
                0x10000a10                ARK::HAL::Pico::Clock::~Clock()
                0x10000a10                ARK::HAL::Pico::Clock::~Clock()
 .text._ZN3ARK3HAL4Pico5ClockD0Ev
                0x10000a14       0x10 CMakeFiles/ARK_Avionics.dir/ARK/Arch/Pico/Hal/Clock/Clock.cpp.o
                0x10000a14                ARK::HAL::Pico::Clock::~Clock()
 .text._ZN3ARK3HAL4Pico5Clock17ApplyMcuFrequencyEv
                0x10000a24       0x34 CMakeFiles/ARK_Avionics.dir/ARK/Arch/Pico/Hal/Clock/Clock.cpp.o
                0x10000a24                ARK::HAL::Pico::Clock::ApplyMcuFrequency()
 .text._ZN3ARK3HAL4Pico7ConsoleD2Ev
                0x10000a58        0x4 CMakeFiles/ARK_Avionics.dir/ARK/Arch/Pico/Hal/Console/Console.cpp.o
                0x10000a58                ARK::HAL::Pico::Console::~Console()
                0x10000a58                ARK::HAL::Pico::Console::~Console()
 .text._ZN3ARK3HAL4Pico7Console10InitializeEv
                0x10000a5c        0x8 CMakeFiles/ARK_Avionics.dir/ARK/Arch/Pico/Hal/Console/Console.cpp.o
                0x10000a5c                ARK::HAL::Pico::Console::Initialize()
 .text._ZN3ARK3HAL4Pico7Console5PrintEPKcz
                0x10000a64       0x20 CMakeFiles/ARK_Avionics.dir/ARK/Arch/Pico/Hal/Console/Console.cpp.o
                0x10000a64                ARK::HAL::Pico::Console::Print(char const*, ...)
 .text._ZN3ARK3HAL4Pico7Console7SuccessERKNSt7__cxx1112basic_stringIcSt11char_traitsIcESaIcEEE
                0x10000a84       0x10 CMakeFiles/ARK_Avionics.dir/ARK/Arch/Pico/Hal/Console/Console.cpp.o
                0x10000a84                ARK::HAL::Pico::Console::Success(std::__cxx11::basic_string<char, std::char_traits<char>, std::allocator<char> > const&)
 .text._ZN3ARK3HAL4Pico7Console5ErrorERKNSt7__cxx1112basic_stringIcSt11char_traitsIcESaIcEEE
                0x10000a94       0x10 CMakeFiles/ARK_Avionics.dir/ARK/Arch/Pico/Hal/Console/Console.cpp.o
                0x10000a94                ARK::HAL::Pico::Console::Error(std::__cxx11::basic_string<char, std::char_traits<char>, std::allocator<char> > const&)
 .text._ZN3ARK3HAL4Pico7ConsoleD0Ev
                0x10000aa4       0x10 CMakeFiles/ARK_Avionics.dir/ARK/Arch/Pico/Hal/Console/Console.cpp.o
                0x10000aa4                ARK::HAL::Pico::Console::~Console()
 .text._ZN3ARK3HAL4Pico5Flash10InitializeEv
                0x10000ab4        0x4 CMakeFiles/ARK_Avionics.dir/ARK/Arch/Pico/Hal/Flash/Flash.cpp.o
                0x10000ab4                ARK::HAL::Pico::Flash::Initialize()
 .text._ZN3ARK3HAL4Pico5FlashD2Ev
                0x10000ab8        0x4 CMakeFiles/ARK_Avionics.dir/ARK/Arch/Pico/Hal/Flash/Flash.cpp.o
                0x10000ab8                ARK::HAL::Pico::Flash::~Flash()
                0x10000ab8                ARK::HAL::Pico::Flash::~Flash()
 .text._ZN3ARK3HAL4Pico5Flash13RecoverShadowEv
                0x10000abc       0x18 CMakeFiles/ARK_Avionics.dir/ARK/Arch/Pico/Hal/Flash/Flash.cpp.o
                0x10000abc                ARK::HAL::Pico::Flash::RecoverShadow()
 .text._ZN3ARK3HAL4Pico5Flash12CommitShadowENS_14ShadowRegistryE
                0x10000ad4       0x54 CMakeFiles/ARK_Avionics.dir/ARK/Arch/Pico/Hal/Flash/Flash.cpp.o
                0x10000ad4                ARK::HAL::Pico::Flash::CommitShadow(ARK::ShadowRegistry)
 .text._ZN3ARK3HAL4Pico5FlashD0Ev
                0x10000b28       0x10 CMakeFiles/ARK_Avionics.dir/ARK/Arch/Pico/Hal/Flash/Flash.cpp.o
                0x10000b28                ARK::HAL::Pico::Flash::~Flash()
 .text._ZN3ARK3HAL4Pico4TimeD2Ev
                0x10000b38        0x4 CMakeFiles/ARK_Avionics.dir/ARK/Arch/Pico/Hal/Time/Time.cpp.o
                0x10000b38                ARK::HAL::Pico::Time::~Time()
                0x10000b38                ARK::HAL::Pico::Time::~Time()
 .text._ZN3ARK3HAL4Pico4Time9GetMicrosEv
                0x10000b3c        0x8 CMakeFiles/ARK_Avionics.dir/ARK/Arch/Pico/Hal/Time/Time.cpp.o
                0x10000b3c                ARK::HAL::Pico::Time::GetMicros()
 .text._ZN3ARK3HAL4Pico4Time10DelayUntilEy
                0x10000b44        0xc CMakeFiles/ARK_Avionics.dir/ARK/Arch/Pico/Hal/Time/Time.cpp.o
                0x10000b44                ARK::HAL::Pico::Time::DelayUntil(unsigned long long)
 .text._ZN3ARK3HAL4Pico4Time7SleepUsEy
                0x10000b50        0xc CMakeFiles/ARK_Avionics.dir/ARK/Arch/Pico/Hal/Time/Time.cpp.o
                0x10000b50                ARK::HAL::Pico::Time::SleepUs(unsigned long long)
 .text._ZN3ARK3HAL4Pico4TimeD0Ev
                0x10000b5c       0x10 CMakeFiles/ARK_Avionics.dir/ARK/Arch/Pico/Hal/Time/Time.cpp.o
                0x10000b5c                ARK::HAL::Pico::Time::~Time()
 .text.gpio_set_function
                0x10000b6c       0x34 CMakeFiles/ARK_Avionics.dir/home/kunsh/.pico-sdk/sdk/2.2.0/src/rp2_common/hardware_gpio/gpio.c.o
                0x10000b6c                gpio_set_function
 .text.panic    0x10000ba0       0x30 CMakeFiles/ARK_Avionics.dir/home/kunsh/.pico-sdk/sdk/2.2.0/src/rp2_common/pico_platform_panic/panic.c.o
                0x10000ba0                panic
 .text.hw_claim_lock
                0x10000bd0       0x18 CMakeFiles/ARK_Avionics.dir/home/kunsh/.pico-sdk/sdk/2.2.0/src/common/hardware_claim/claim.c.o
                0x10000bd0                hw_claim_lock
 .text.hw_claim_unlock
                0x10000be8       0x14 CMakeFiles/ARK_Avionics.dir/home/kunsh/.pico-sdk/sdk/2.2.0/src/common/hardware_claim/claim.c.o
                0x10000be8                hw_claim_unlock
 .text.hw_claim_or_assert
                0x10000bfc       0x44 CMakeFiles/ARK_Avionics.dir/home/kunsh/.pico-sdk/sdk/2.2.0/src/common/hardware_claim/claim.c.o
                0x10000bfc                hw_claim_or_assert
 .text.hw_claim_unused_from_range
                0x10000c40       0x9c CMakeFiles/ARK_Avionics.dir/home/kunsh/.pico-sdk/sdk/2.2.0/src/common/hardware_claim/claim.c.o
                0x10000c40                hw_claim_unused_from_range
 .text.next_striped_spin_lock_num
                0x10000cdc       0x18 CMakeFiles/ARK_Avionics.dir/home/kunsh/.pico-sdk/sdk/2.2.0/src/rp2_common/hardware_sync/sync.c.o
                0x10000cdc                next_striped_spin_lock_num
 .text.spin_locks_reset
                0x10000cf4       0x1c CMakeFiles/ARK_Avionics.dir/home/kunsh/.pico-sdk/sdk/2.2.0/src/rp2_common/hardware_sync_spin_lock/sync_spin_lock.c.o
                0x10000cf4                spin_locks_reset
 .text.runtime_init_per_core_irq_priorities
                0x10000d10       0x24 CMakeFiles/ARK_Avionics.dir/home/kunsh/.pico-sdk/sdk/2.2.0/src/rp2_common/hardware_irq/irq.c.o
                0x10000d10                runtime_init_per_core_irq_priorities
 .text.irq_set_enabled
                0x10000d34       0x24 CMakeFiles/ARK_Avionics.dir/home/kunsh/.pico-sdk/sdk/2.2.0/src/rp2_common/hardware_irq/irq.c.o
                0x10000d34                irq_set_enabled
 .text.irq_set_exclusive_handler
                0x10000d58       0x54 CMakeFiles/ARK_Avionics.dir/home/kunsh/.pico-sdk/sdk/2.2.0/src/rp2_common/hardware_irq/irq.c.o
                0x10000d58                irq_set_exclusive_handler
 .text.irq_remove_handler
                0x10000dac      0x1d4 CMakeFiles/ARK_Avionics.dir/home/kunsh/.pico-sdk/sdk/2.2.0/src/rp2_common/hardware_irq/irq.c.o
                0x10000dac                irq_remove_handler
 .text.irq_add_tail_to_free_list
                0x10000f80       0xb4 CMakeFiles/ARK_Avionics.dir/home/kunsh/.pico-sdk/sdk/2.2.0/src/rp2_common/hardware_irq/irq.c.o
                0x10000f80                irq_add_tail_to_free_list
 .text.lock_init
                0x10001034       0x10 CMakeFiles/ARK_Avionics.dir/home/kunsh/.pico-sdk/sdk/2.2.0/src/common/pico_sync/lock_core.c.o
                0x10001034                lock_init
 .text.runtime_init_mutex
                0x10001044       0x50 CMakeFiles/ARK_Avionics.dir/home/kunsh/.pico-sdk/sdk/2.2.0/src/common/pico_sync/mutex.c.o
                0x10001044                runtime_init_mutex
 .text.sleep_until_callback
                0x10001094       0x30 CMakeFiles/ARK_Avionics.dir/home/kunsh/.pico-sdk/sdk/2.2.0/src/common/pico_time/time.c.o
 .text.alarm_pool_irq_handler
                0x100010c4      0x2fc CMakeFiles/ARK_Avionics.dir/home/kunsh/.pico-sdk/sdk/2.2.0/src/common/pico_time/time.c.o
 .text.runtime_init_default_alarm_pool
                0x100013c0       0xdc CMakeFiles/ARK_Avionics.dir/home/kunsh/.pico-sdk/sdk/2.2.0/src/common/pico_time/time.c.o
                0x100013c0                runtime_init_default_alarm_pool
 .text.alarm_pool_add_alarm_at_force_in_context
                0x1000149c       0xb0 CMakeFiles/ARK_Avionics.dir/home/kunsh/.pico-sdk/sdk/2.2.0/src/common/pico_time/time.c.o
                0x1000149c                alarm_pool_add_alarm_at_force_in_context
 .text.alarm_pool_cancel_alarm
                0x1000154c       0x74 CMakeFiles/ARK_Avionics.dir/home/kunsh/.pico-sdk/sdk/2.2.0/src/common/pico_time/time.c.o
                0x1000154c                alarm_pool_cancel_alarm
 .text.sleep_until
                0x100015c0       0xd8 CMakeFiles/ARK_Avionics.dir/home/kunsh/.pico-sdk/sdk/2.2.0/src/common/pico_time/time.c.o
                0x100015c0                sleep_until
 .text.sleep_us
                0x10001698       0x28 CMakeFiles/ARK_Avionics.dir/home/kunsh/.pico-sdk/sdk/2.2.0/src/common/pico_time/time.c.o
                0x10001698                sleep_us
 .text.best_effort_wfe_or_timeout
                0x100016c0       0xf8 CMakeFiles/ARK_Avionics.dir/home/kunsh/.pico-sdk/sdk/2.2.0/src/common/pico_time/time.c.o
                0x100016c0                best_effort_wfe_or_timeout
 .text.timer_hardware_alarm_claim
                0x100017b8       0x14 CMakeFiles/ARK_Avionics.dir/home/kunsh/.pico-sdk/sdk/2.2.0/src/rp2_common/hardware_timer/timer.c.o
                0x100017b8                timer_hardware_alarm_claim
 .text.timer_time_us_64
                0x100017cc       0x10 CMakeFiles/ARK_Avionics.dir/home/kunsh/.pico-sdk/sdk/2.2.0/src/rp2_common/hardware_timer/timer.c.o
                0x100017cc                timer_time_us_64
 .text.time_us_64
                0x100017dc       0x14 CMakeFiles/ARK_Avionics.dir/home/kunsh/.pico-sdk/sdk/2.2.0/src/rp2_common/hardware_timer/timer.c.o
                0x100017dc                time_us_64
 .text.busy_wait_us
                0x100017f0       0x68 CMakeFiles/ARK_Avionics.dir/home/kunsh/.pico-sdk/sdk/2.2.0/src/rp2_common/hardware_timer/timer.c.o
                0x100017f0                busy_wait_us
 .text.busy_wait_until
                0x10001858       0x20 CMakeFiles/ARK_Avionics.dir/home/kunsh/.pico-sdk/sdk/2.2.0/src/rp2_common/hardware_timer/timer.c.o
                0x10001858                busy_wait_until
 .text.uart_init
                0x10001878      0x120 CMakeFiles/ARK_Avionics.dir/home/kunsh/.pico-sdk/sdk/2.2.0/src/rp2_common/hardware_uart/uart.c.o
                0x10001878                uart_init
 .text.clock_configure_int_divider
                0x10001998       0xf4 CMakeFiles/ARK_Avionics.dir/home/kunsh/.pico-sdk/sdk/2.2.0/src/rp2_common/hardware_clocks/clocks.c.o
                0x10001998                clock_configure_int_divider
 .text.clock_configure_undivided
                0x10001a8c       0xe8 CMakeFiles/ARK_Avionics.dir/home/kunsh/.pico-sdk/sdk/2.2.0/src/rp2_common/hardware_clocks/clocks.c.o
                0x10001a8c                clock_configure_undivided
 .text.clock_get_hz
                0x10001b74        0xc CMakeFiles/ARK_Avionics.dir/home/kunsh/.pico-sdk/sdk/2.2.0/src/rp2_common/hardware_clocks/clocks.c.o
                0x10001b74                clock_get_hz
 .text.set_sys_clock_pll
                0x10001b80      0x1b8 CMakeFiles/ARK_Avionics.dir/home/kunsh/.pico-sdk/sdk/2.2.0/src/rp2_common/hardware_clocks/clocks.c.o
                0x10001b80                set_sys_clock_pll
 .text.check_sys_clock_khz
                0x10001d38      0x234 CMakeFiles/ARK_Avionics.dir/home/kunsh/.pico-sdk/sdk/2.2.0/src/rp2_common/hardware_clocks/clocks.c.o
                0x10001d38                check_sys_clock_khz
 .text.pll_init
                0x10001f6c       0xa4 CMakeFiles/ARK_Avionics.dir/home/kunsh/.pico-sdk/sdk/2.2.0/src/rp2_common/hardware_pll/pll.c.o
                0x10001f6c                pll_init
 .text.tick_start
                0x10002010       0x10 CMakeFiles/ARK_Avionics.dir/home/kunsh/.pico-sdk/sdk/2.2.0/src/rp2_common/hardware_ticks/ticks.c.o
                0x10002010                tick_start
 .text.rom_func_lookup
                0x10002020       0x10 CMakeFiles/ARK_Avionics.dir/home/kunsh/.pico-sdk/sdk/2.2.0/src/rp2_common/pico_bootrom/bootrom.c.o
                0x10002020                rom_func_lookup
 .text.rom_data_lookup
                0x10002030       0x10 CMakeFiles/ARK_Avionics.dir/home/kunsh/.pico-sdk/sdk/2.2.0/src/rp2_common/pico_bootrom/bootrom.c.o
                0x10002030                rom_data_lookup
 .text.rom_funcs_lookup
                0x10002040       0x44 CMakeFiles/ARK_Avionics.dir/home/kunsh/.pico-sdk/sdk/2.2.0/src/rp2_common/pico_bootrom/bootrom.c.o
                0x10002040                rom_funcs_lookup
 .text.xosc_init
                0x10002084       0x28 CMakeFiles/ARK_Avionics.dir/home/kunsh/.pico-sdk/sdk/2.2.0/src/rp2_common/hardware_xosc/xosc.c.o
                0x10002084                xosc_init
 .text.first_per_core_initializer
                0x100020ac        0x4 CMakeFiles/ARK_Avionics.dir/home/kunsh/.pico-sdk/sdk/2.2.0/src/rp2_common/pico_runtime/runtime.c.o
 .text.hard_assertion_failure
                0x100020b0        0xc CMakeFiles/ARK_Avionics.dir/home/kunsh/.pico-sdk/sdk/2.2.0/src/rp2_common/pico_runtime/runtime.c.o
                0x100020b0                hard_assertion_failure
 .text.runtime_run_initializers
                0x100020bc       0x28 CMakeFiles/ARK_Avionics.dir/home/kunsh/.pico-sdk/sdk/2.2.0/src/rp2_common/pico_runtime/runtime.c.o
                0x100020bc                runtime_run_initializers
 .text.runtime_init_early_resets
                0x100020e4       0x2c CMakeFiles/ARK_Avionics.dir/home/kunsh/.pico-sdk/sdk/2.2.0/src/rp2_common/pico_runtime_init/runtime_init.c.o
                0x100020e4                runtime_init_early_resets
 .text.runtime_init_usb_power_down
                0x10002110       0x1c CMakeFiles/ARK_Avionics.dir/home/kunsh/.pico-sdk/sdk/2.2.0/src/rp2_common/pico_runtime_init/runtime_init.c.o
                0x10002110                runtime_init_usb_power_down
 .text.runtime_init_post_clock_resets
                0x1000212c       0x20 CMakeFiles/ARK_Avionics.dir/home/kunsh/.pico-sdk/sdk/2.2.0/src/rp2_common/pico_runtime_init/runtime_init.c.o
                0x1000212c                runtime_init_post_clock_resets
 .text.runtime_init_rp2040_gpio_ie_disable
                0x1000214c       0x14 CMakeFiles/ARK_Avionics.dir/home/kunsh/.pico-sdk/sdk/2.2.0/src/rp2_common/pico_runtime_init/runtime_init.c.o
                0x1000214c                runtime_init_rp2040_gpio_ie_disable
 .text.runtime_init_spin_locks_reset
                0x10002160        0x8 CMakeFiles/ARK_Avionics.dir/home/kunsh/.pico-sdk/sdk/2.2.0/src/rp2_common/pico_runtime_init/runtime_init.c.o
                0x10002160                runtime_init_spin_locks_reset
 .text.runtime_init_install_ram_vector_table
                0x10002168       0xb4 CMakeFiles/ARK_Avionics.dir/home/kunsh/.pico-sdk/sdk/2.2.0/src/rp2_common/pico_runtime_init/runtime_init.c.o
                0x10002168                runtime_init_install_ram_vector_table
 .text.runtime_init_clocks
                0x1000221c       0xd8 CMakeFiles/ARK_Avionics.dir/home/kunsh/.pico-sdk/sdk/2.2.0/src/rp2_common/pico_runtime_init/runtime_init_clocks.c.o
                0x1000221c                runtime_init_clocks
 .text          0x100022f4       0x10 CMakeFiles/ARK_Avionics.dir/home/kunsh/.pico-sdk/sdk/2.2.0/src/rp2_common/pico_bit_ops/bit_ops_aeabi.S.o
 .text.__wrap___aeabi_idiv
                0x10002304       0x50 CMakeFiles/ARK_Avionics.dir/home/kunsh/.pico-sdk/sdk/2.2.0/src/rp2_common/pico_divider/divider_hardware.S.o
                0x10002304                __wrap___aeabi_idivmod
                0x10002304                divmod_s32s32
                0x10002304                div_s32s32
                0x10002304                __wrap___aeabi_idiv
                0x1000230c                divmod_s32s32_unsafe
                0x10002338                divmod_s32s32_savestate
 .text.__wrap___aeabi_uidiv
                0x10002354       0x4c CMakeFiles/ARK_Avionics.dir/home/kunsh/.pico-sdk/sdk/2.2.0/src/rp2_common/pico_divider/divider_hardware.S.o
                0x10002354                __wrap___aeabi_uidiv
                0x10002354                __wrap___aeabi_uidivmod
                0x10002354                div_u32u32
                0x10002354                divmod_u32u32
                0x1000235c                divmod_u32u32_unsafe
                0x10002384                divmod_u32u32_savestate
 .text.__wrap___aeabi_ldiv
                0x100023a0      0x424 CMakeFiles/ARK_Avionics.dir/home/kunsh/.pico-sdk/sdk/2.2.0/src/rp2_common/pico_divider/divider_hardware.S.o
                0x100023a0                div_s64s64
                0x100023a0                divmod_s64s64
                0x100023a0                __wrap___aeabi_ldivmod
                0x100023d0                div_u64u64
                0x100023d0                divmod_u64u64
                0x100023d0                __wrap___aeabi_uldivmod
                0x100023e0                divmod_u64u64_savestate
                0x10002400                divmod_s64s64_unsafe
                0x10002488                divmod_u64u64_unsafe
 .text.__wrap___aeabi_darithmetic
                0x100027c4       0x80 CMakeFiles/ARK_Avionics.dir/home/kunsh/.pico-sdk/sdk/2.2.0/src/rp2_common/pico_double/double_aeabi_rp2040.S.o
                0x100027c4                __wrap___aeabi_drsub
                0x100027ca                __wrap___aeabi_dsub
                0x100027dc                __wrap___aeabi_dadd
                0x100027ee                __wrap___aeabi_ddiv
                0x1000282a                __wrap___aeabi_dmul
 .text.__wrap___aeabi_cdcmple
                0x10002844       0x6c CMakeFiles/ARK_Avionics.dir/home/kunsh/.pico-sdk/sdk/2.2.0/src/rp2_common/pico_double/double_aeabi_rp2040.S.o
                0x10002844                __wrap___aeabi_cdrcmple
                0x10002854                __wrap___aeabi_cdcmple
                0x10002854                __wrap___aeabi_cdcmpeq
 .text.__wrap___aeabi_dcmplt
                0x100028b0        0xc CMakeFiles/ARK_Avionics.dir/home/kunsh/.pico-sdk/sdk/2.2.0/src/rp2_common/pico_double/double_aeabi_rp2040.S.o
                0x100028b0                __wrap___aeabi_dcmplt
 .text.__wrap___aeabi_dcmpge
                0x100028bc       0x10 CMakeFiles/ARK_Avionics.dir/home/kunsh/.pico-sdk/sdk/2.2.0/src/rp2_common/pico_double/double_aeabi_rp2040.S.o
                0x100028bc                __wrap___aeabi_dcmpge
 .text.__wrap___aeabi_dcmpgt
                0x100028cc        0xa CMakeFiles/ARK_Avionics.dir/home/kunsh/.pico-sdk/sdk/2.2.0/src/rp2_common/pico_double/double_aeabi_rp2040.S.o
                0x100028cc                __wrap___aeabi_dcmpgt
 .text.__wrap___aeabi_dcmpun
                0x100028d6       0x18 CMakeFiles/ARK_Avionics.dir/home/kunsh/.pico-sdk/sdk/2.2.0/src/rp2_common/pico_double/double_aeabi_rp2040.S.o
                0x100028d6                __wrap___aeabi_dcmpun
 *fill*         0x100028ee        0x2 
 .text.__wrap___aeabi_i2d
                0x100028f0       0x38 CMakeFiles/ARK_Avionics.dir/home/kunsh/.pico-sdk/sdk/2.2.0/src/rp2_common/pico_double/double_aeabi_rp2040.S.o
                0x100028f0                __wrap___aeabi_ui2d
                0x100028f0                uint2double
                0x100028f8                __wrap___aeabi_i2d
                0x100028f8                int2double
 .text.__wrap___aeabi_d2iz
                0x10002928       0x48 CMakeFiles/ARK_Avionics.dir/home/kunsh/.pico-sdk/sdk/2.2.0/src/rp2_common/pico_double/double_aeabi_rp2040.S.o
                0x10002928                __wrap___aeabi_d2iz
                0x10002928                double2int_z
 .text.__wrap___aeabi_d2uiz
                0x10002970       0x18 CMakeFiles/ARK_Avionics.dir/home/kunsh/.pico-sdk/sdk/2.2.0/src/rp2_common/pico_double/double_aeabi_rp2040.S.o
                0x10002970                double2uint_z
                0x10002970                double2uint
                0x10002970                __wrap___aeabi_d2uiz
 .text.__aeabi_double_init
                0x10002988       0xa4 CMakeFiles/ARK_Avionics.dir/home/kunsh/.pico-sdk/sdk/2.2.0/src/rp2_common/pico_double/double_init_rom_rp2040.c.o
                0x10002988                __aeabi_double_init
 .text.double_table_shim_on_use_helper
                0x10002a2c       0x2c CMakeFiles/ARK_Avionics.dir/home/kunsh/.pico-sdk/sdk/2.2.0/src/rp2_common/pico_double/double_v1_rom_shim_rp2040.S.o
                0x10002a2c                double_table_shim_on_use_helper
 .text.__wrap___aeabi_dsub
                0x10002a58       0x10 CMakeFiles/ARK_Avionics.dir/home/kunsh/.pico-sdk/sdk/2.2.0/src/rp2_common/pico_double/double_v1_rom_shim_rp2040.S.o
                0x10002a58                drsub_shim
                0x10002a5e                dsub_shim
 .text.dadd_shim
                0x10002a68      0x15c CMakeFiles/ARK_Avionics.dir/home/kunsh/.pico-sdk/sdk/2.2.0/src/rp2_common/pico_double/double_v1_rom_shim_rp2040.S.o
                0x10002a68                dadd_shim
 .text.dmul_shim
                0x10002bc4      0x15c CMakeFiles/ARK_Avionics.dir/home/kunsh/.pico-sdk/sdk/2.2.0/src/rp2_common/pico_double/double_v1_rom_shim_rp2040.S.o
                0x10002bc4                dmul_shim
 .text.ddiv_shim
                0x10002d20      0x1b0 CMakeFiles/ARK_Avionics.dir/home/kunsh/.pico-sdk/sdk/2.2.0/src/rp2_common/pico_double/double_v1_rom_shim_rp2040.S.o
                0x10002d20                ddiv_shim
 .text.double2uint_shim
                0x10002ed0        0xe CMakeFiles/ARK_Avionics.dir/home/kunsh/.pico-sdk/sdk/2.2.0/src/rp2_common/pico_double/double_v1_rom_shim_rp2040.S.o
                0x10002ed0                double2uint_shim
                0x10002ed2                double2ufix_shim
 *fill*         0x10002ede        0x2 
 .text.double2uint64_shim
                0x10002ee0       0x70 CMakeFiles/ARK_Avionics.dir/home/kunsh/.pico-sdk/sdk/2.2.0/src/rp2_common/pico_double/double_v1_rom_shim_rp2040.S.o
                0x10002ee0                double2uint64_shim
                0x10002ee2                double2ufix64_shim
                0x10002f02                d2fix_a
 .text.dunpacks
                0x10002f50       0x3c CMakeFiles/ARK_Avionics.dir/home/kunsh/.pico-sdk/sdk/2.2.0/src/rp2_common/pico_double/double_v1_rom_shim_rp2040.S.o
                0x10002f50                dunpacks
 .text.__wrap___aeabi_farithmetic
                0x10002f8c       0x48 CMakeFiles/ARK_Avionics.dir/home/kunsh/.pico-sdk/sdk/2.2.0/src/rp2_common/pico_float/float_aeabi_rp2040.S.o
                0x10002f8c                __wrap___aeabi_frsub
                0x10002f92                __wrap___aeabi_fsub
                0x10002f98                __wrap___aeabi_fadd
                0x10002f9e                __wrap___aeabi_fdiv
                0x10002fc6                __wrap___aeabi_fmul
 .text.__wrap___aeabi_ui2f
                0x10002fd4        0xa CMakeFiles/ARK_Avionics.dir/home/kunsh/.pico-sdk/sdk/2.2.0/src/rp2_common/pico_float/float_aeabi_rp2040.S.o
                0x10002fd4                uint2float
                0x10002fd4                __wrap___aeabi_ui2f
 *fill*         0x10002fde        0x2 
 .text.__wrap___aeabi_i2f
                0x10002fe0       0x44 CMakeFiles/ARK_Avionics.dir/home/kunsh/.pico-sdk/sdk/2.2.0/src/rp2_common/pico_float/float_aeabi_rp2040.S.o
                0x10002fe0                int2float
                0x10002fe0                __wrap___aeabi_i2f
 .text.__wrap___aeabi_f2uiz
                0x10003024        0xc CMakeFiles/ARK_Avionics.dir/home/kunsh/.pico-sdk/sdk/2.2.0/src/rp2_common/pico_float/float_aeabi_rp2040.S.o
                0x10003024                float2uint
                0x10003024                float2uint_z
                0x10003024                __wrap___aeabi_f2uiz
 .text.__wrap___aeabi_f2d
                0x10003030       0x14 CMakeFiles/ARK_Avionics.dir/home/kunsh/.pico-sdk/sdk/2.2.0/src/rp2_common/pico_float/float_aeabi_rp2040.S.o
                0x10003030                __wrap___aeabi_f2d
 .text.__aeabi_float_init
                0x10003044       0x64 CMakeFiles/ARK_Avionics.dir/home/kunsh/.pico-sdk/sdk/2.2.0/src/rp2_common/pico_float/float_init_rom_rp2040.c.o
                0x10003044                __aeabi_float_init
 .text.float_table_shim_on_use_helper
                0x100030a8       0x2c CMakeFiles/ARK_Avionics.dir/home/kunsh/.pico-sdk/sdk/2.2.0/src/rp2_common/pico_float/float_v1_rom_shim_rp2040.S.o
                0x100030a8                float_table_shim_on_use_helper
 .text.float2double_shim
                0x100030d4       0x30 CMakeFiles/ARK_Avionics.dir/home/kunsh/.pico-sdk/sdk/2.2.0/src/rp2_common/pico_float/float_v1_rom_shim_rp2040.S.o
                0x100030d4                float2double_shim
 .text.__wrap_malloc
                0x10003104       0x24 CMakeFiles/ARK_Avionics.dir/home/kunsh/.pico-sdk/sdk/2.2.0/src/rp2_common/pico_malloc/malloc.c.o
                0x10003104                __wrap_malloc
 .text.__wrap_free
                0x10003128        0x8 CMakeFiles/ARK_Avionics.dir/home/kunsh/.pico-sdk/sdk/2.2.0/src/rp2_common/pico_malloc/malloc.c.o
                0x10003128                __wrap_free
 .text          0x10003130       0x10 CMakeFiles/ARK_Avionics.dir/home/kunsh/.pico-sdk/sdk/2.2.0/src/rp2_common/pico_mem_ops/mem_ops_aeabi.S.o
                0x10003130                __aeabi_mem_init
 .text.memset   0x10003140        0xc CMakeFiles/ARK_Avionics.dir/home/kunsh/.pico-sdk/sdk/2.2.0/src/rp2_common/pico_mem_ops/mem_ops_aeabi.S.o
                0x10003140                __wrap_memset
 .text.memcpy   0x1000314c        0xc CMakeFiles/ARK_Avionics.dir/home/kunsh/.pico-sdk/sdk/2.2.0/src/rp2_common/pico_mem_ops/mem_ops_aeabi.S.o
                0x1000314c                __wrap___aeabi_memcpy
                0x1000314c                __wrap_memcpy
 .text._Znwj    0x10003158        0x8 CMakeFiles/ARK_Avionics.dir/home/kunsh/.pico-sdk/sdk/2.2.0/src/rp2_common/pico_cxx_options/new_delete.cpp.o
                0x10003158                operator new(unsigned int)
 .text._Znaj    0x10003160        0x8 CMakeFiles/ARK_Avionics.dir/home/kunsh/.pico-sdk/sdk/2.2.0/src/rp2_common/pico_cxx_options/new_delete.cpp.o
                0x10003160                operator new[](unsigned int)
 .text._ZdlPvj  0x10003168        0x8 CMakeFiles/ARK_Avionics.dir/home/kunsh/.pico-sdk/sdk/2.2.0/src/rp2_common/pico_cxx_options/new_delete.cpp.o
                0x10003168                operator delete(void*, unsigned int)
 .text._out_null
                0x10003170        0x4 CMakeFiles/ARK_Avionics.dir/home/kunsh/.pico-sdk/sdk/2.2.0/src/rp2_common/pico_printf/printf.c.o
 .text._out_rev
                0x10003174       0xac CMakeFiles/ARK_Avionics.dir/home/kunsh/.pico-sdk/sdk/2.2.0/src/rp2_common/pico_printf/printf.c.o
 .text._ntoa_format
                0x10003220      0x250 CMakeFiles/ARK_Avionics.dir/home/kunsh/.pico-sdk/sdk/2.2.0/src/rp2_common/pico_printf/printf.c.o
 .text._out_char
                0x10003470       0x10 CMakeFiles/ARK_Avionics.dir/home/kunsh/.pico-sdk/sdk/2.2.0/src/rp2_common/pico_printf/printf.c.o
 .text._out_fct
                0x10003480       0x10 CMakeFiles/ARK_Avionics.dir/home/kunsh/.pico-sdk/sdk/2.2.0/src/rp2_common/pico_printf/printf.c.o
 .text._etoa    0x10003490      0x464 CMakeFiles/ARK_Avionics.dir/home/kunsh/.pico-sdk/sdk/2.2.0/src/rp2_common/pico_printf/printf.c.o
 .text._ftoa    0x100038f4      0x3c0 CMakeFiles/ARK_Avionics.dir/home/kunsh/.pico-sdk/sdk/2.2.0/src/rp2_common/pico_printf/printf.c.o
 .text._vsnprintf
                0x10003cb4      0xbc8 CMakeFiles/ARK_Avionics.dir/home/kunsh/.pico-sdk/sdk/2.2.0/src/rp2_common/pico_printf/printf.c.o
 .text.vfctprintf
                0x1000487c       0x20 CMakeFiles/ARK_Avionics.dir/home/kunsh/.pico-sdk/sdk/2.2.0/src/rp2_common/pico_printf/printf.c.o
                0x1000487c                vfctprintf
 .text.weak_raw_vprintf
                0x1000489c       0x30 CMakeFiles/ARK_Avionics.dir/home/kunsh/.pico-sdk/sdk/2.2.0/src/rp2_common/pico_printf/printf.c.o
                0x1000489c                weak_raw_vprintf
 .text._exit    0x100048cc        0x4 CMakeFiles/ARK_Avionics.dir/home/kunsh/.pico-sdk/sdk/2.2.0/src/rp2_common/pico_clib_interface/newlib_interface.c.o
                0x100048cc                _exit
 .text._sbrk    0x100048d0       0x34 CMakeFiles/ARK_Avionics.dir/home/kunsh/.pico-sdk/sdk/2.2.0/src/rp2_common/pico_clib_interface/newlib_interface.c.o
                0x100048d0                _sbrk
 .text.exit     0x10004904        0x8 CMakeFiles/ARK_Avionics.dir/home/kunsh/.pico-sdk/sdk/2.2.0/src/rp2_common/pico_clib_interface/newlib_interface.c.o
                0x10004904                exit
 .text.runtime_init
                0x1000490c       0x2c CMakeFiles/ARK_Avionics.dir/home/kunsh/.pico-sdk/sdk/2.2.0/src/rp2_common/pico_clib_interface/newlib_interface.c.o
                0x1000490c                runtime_init
 .text.stdio_out_chars_no_crlf
                0x10004938       0x10 CMakeFiles/ARK_Avionics.dir/home/kunsh/.pico-sdk/sdk/2.2.0/src/rp2_common/pico_stdio/stdio.c.o
 .text.stdio_out_chars_crlf
                0x10004948       0x94 CMakeFiles/ARK_Avionics.dir/home/kunsh/.pico-sdk/sdk/2.2.0/src/rp2_common/pico_stdio/stdio.c.o
 .text.stdio_buffered_printer
                0x100049dc       0x64 CMakeFiles/ARK_Avionics.dir/home/kunsh/.pico-sdk/sdk/2.2.0/src/rp2_common/pico_stdio/stdio.c.o
 .text.stdio_put_string
                0x10004a40      0x100 CMakeFiles/ARK_Avionics.dir/home/kunsh/.pico-sdk/sdk/2.2.0/src/rp2_common/pico_stdio/stdio.c.o
                0x10004a40                stdio_put_string
 .text.stdio_set_driver_enabled
                0x10004b40       0x30 CMakeFiles/ARK_Avionics.dir/home/kunsh/.pico-sdk/sdk/2.2.0/src/rp2_common/pico_stdio/stdio.c.o
                0x10004b40                stdio_set_driver_enabled
 .text.stdio_init_all
                0x10004b70        0xc CMakeFiles/ARK_Avionics.dir/home/kunsh/.pico-sdk/sdk/2.2.0/src/rp2_common/pico_stdio/stdio.c.o
                0x10004b70                stdio_init_all
 .text.__wrap_putchar
                0x10004b7c       0x98 CMakeFiles/ARK_Avionics.dir/home/kunsh/.pico-sdk/sdk/2.2.0/src/rp2_common/pico_stdio/stdio.c.o
                0x10004b7c                stdio_putchar
                0x10004b7c                __wrap_putchar
 .text.__wrap_puts
                0x10004c14       0x3c CMakeFiles/ARK_Avionics.dir/home/kunsh/.pico-sdk/sdk/2.2.0/src/rp2_common/pico_stdio/stdio.c.o
                0x10004c14                __wrap_puts
                0x10004c14                stdio_puts
 .text.__wrap_vprintf
                0x10004c50       0xd4 CMakeFiles/ARK_Avionics.dir/home/kunsh/.pico-sdk/sdk/2.2.0/src/rp2_common/pico_stdio/stdio.c.o
                0x10004c50                __wrap_vprintf
                0x10004c50                stdio_vprintf
 .text.__wrap_printf
                0x10004d24       0x18 CMakeFiles/ARK_Avionics.dir/home/kunsh/.pico-sdk/sdk/2.2.0/src/rp2_common/pico_stdio/stdio.c.o
                0x10004d24                stdio_printf
                0x10004d24                __wrap_printf
 .text.stdio_uart_out_chars
                0x10004d3c       0x4c CMakeFiles/ARK_Avionics.dir/home/kunsh/.pico-sdk/sdk/2.2.0/src/rp2_common/pico_stdio_uart/stdio_uart.c.o
 .text.stdio_uart_in_chars
                0x10004d88       0x90 CMakeFiles/ARK_Avionics.dir/home/kunsh/.pico-sdk/sdk/2.2.0/src/rp2_common/pico_stdio_uart/stdio_uart.c.o
                0x10004d88                stdio_uart_in_chars
 .text.on_uart_rx
                0x10004e18       0x28 CMakeFiles/ARK_Avionics.dir/home/kunsh/.pico-sdk/sdk/2.2.0/src/rp2_common/pico_stdio_uart/stdio_uart.c.o
 .text.stdio_uart_out_flush
                0x10004e40       0x14 CMakeFiles/ARK_Avionics.dir/home/kunsh/.pico-sdk/sdk/2.2.0/src/rp2_common/pico_stdio_uart/stdio_uart.c.o
 .text.stdio_uart_set_chars_available_callback
                0x10004e54       0x84 CMakeFiles/ARK_Avionics.dir/home/kunsh/.pico-sdk/sdk/2.2.0/src/rp2_common/pico_stdio_uart/stdio_uart.c.o
 .text.stdio_uart_init
                0x10004ed8       0x50 CMakeFiles/ARK_Avionics.dir/home/kunsh/.pico-sdk/sdk/2.2.0/src/rp2_common/pico_stdio_uart/stdio_uart.c.o
                0x10004ed8                stdio_uart_init
 .text.pio_claim_unused_sm
                0x10004f28       0x38 CMakeFiles/ARK_Avionics.dir/home/kunsh/.pico-sdk/sdk/2.2.0/src/rp2_common/hardware_pio/pio.c.o
                0x10004f28                pio_claim_unused_sm
 .text.pio_add_program
                0x10004f60      0x104 CMakeFiles/ARK_Avionics.dir/home/kunsh/.pico-sdk/sdk/2.2.0/src/rp2_common/hardware_pio/pio.c.o
                0x10004f60                pio_add_program
 .text.pio_sm_set_consecutive_pindirs
                0x10005064       0xb4 CMakeFiles/ARK_Avionics.dir/home/kunsh/.pico-sdk/sdk/2.2.0/src/rp2_common/hardware_pio/pio.c.o
                0x10005064                pio_sm_set_consecutive_pindirs
 .text.pio_sm_init
                0x10005118       0x9c CMakeFiles/ARK_Avionics.dir/home/kunsh/.pico-sdk/sdk/2.2.0/src/rp2_common/hardware_pio/pio.c.o
                0x10005118                pio_sm_init
 .text.startup._GLOBAL__sub_I__ZN9__gnu_cxx9__freeresEv
                0x100051b4      0x10c /usr/lib/gcc/arm-none-eabi/13.2.1/../../../arm-none-eabi/lib/thumb/v6-m/nofp/libstdc++.a(eh_alloc.o)
 .text          0x100052c0       0x30 /usr/lib/gcc/arm-none-eabi/13.2.1/../../../arm-none-eabi/lib/thumb/v6-m/nofp/libg.a(libc_a-getenv.o)
                0x100052c0                _findenv
                0x100052d8                getenv
 .text          0x100052f0       0xc4 /usr/lib/gcc/arm-none-eabi/13.2.1/../../../arm-none-eabi/lib/thumb/v6-m/nofp/libg.a(libc_a-strchr.o)
                0x100052f0                strchr
 .text          0x100053b4      0x17c /usr/lib/gcc/arm-none-eabi/13.2.1/../../../arm-none-eabi/lib/thumb/v6-m/nofp/libg.a(libc_a-strtoul.o)
                0x100054f8                _strtoul_r
                0x10005500                strtoul_l
                0x10005518                strtoul
 .text          0x10005530        0xc /usr/lib/gcc/arm-none-eabi/13.2.1/../../../arm-none-eabi/lib/thumb/v6-m/nofp/libg.a(libc_a-errno.o)
                0x10005530                __errno
 .text          0x1000553c      0x5b4 /usr/lib/gcc/arm-none-eabi/13.2.1/../../../arm-none-eabi/lib/thumb/v6-m/nofp/libg.a(libc_a-mallocr.o)
                0x1000553c                _malloc_r
 .text          0x10005af0      0x288 /usr/lib/gcc/arm-none-eabi/13.2.1/../../../arm-none-eabi/lib/thumb/v6-m/nofp/libg.a(libc_a-freer.o)
                0x10005af0                _malloc_trim_r
                0x10005ba4                _free_r
 .text          0x10005d78       0x48 /usr/lib/gcc/arm-none-eabi/13.2.1/../../../arm-none-eabi/lib/thumb/v6-m/nofp/libg.a(libc_a-memcmp.o)
                0x10005d78                memcmp
 .text          0x10005dc0       0x28 /usr/lib/gcc/arm-none-eabi/13.2.1/../../../arm-none-eabi/lib/thumb/v6-m/nofp/libg.a(libc_a-malloc.o)
                0x10005dc0                malloc
                0x10005dd4                free
 .text          0x10005de8       0x1c /usr/lib/gcc/arm-none-eabi/13.2.1/../../../arm-none-eabi/lib/thumb/v6-m/nofp/libg.a(libc_a-sysconf.o)
                0x10005de8                sysconf
 .text          0x10005e04       0x9c /usr/lib/gcc/arm-none-eabi/13.2.1/../../../arm-none-eabi/lib/thumb/v6-m/nofp/libg.a(libc_a-getenv_r.o)
                0x10005e04                _findenv_r
                0x10005e90                _getenv_r
 .text          0x10005ea0        0x8 /usr/lib/gcc/arm-none-eabi/13.2.1/../../../arm-none-eabi/lib/thumb/v6-m/nofp/libg.a(libc_a-mlock.o)
                0x10005ea0                __malloc_lock
                0x10005ea4                __malloc_unlock
 .text          0x10005ea8       0x10 /usr/lib/gcc/arm-none-eabi/13.2.1/../../../arm-none-eabi/lib/thumb/v6-m/nofp/libg.a(libc_a-atexit.o)
                0x10005ea8                atexit
 .text          0x10005eb8       0x5c /usr/lib/gcc/arm-none-eabi/13.2.1/../../../arm-none-eabi/lib/thumb/v6-m/nofp/libg.a(libc_a-strlen-stub.o)
                0x10005eb8                strlen
 .text          0x10005f14       0x24 /usr/lib/gcc/arm-none-eabi/13.2.1/../../../arm-none-eabi/lib/thumb/v6-m/nofp/libg.a(libc_a-sbrkr.o)
                0x10005f14                _sbrk_r
 .text          0x10005f38       0x28 /usr/lib/gcc/arm-none-eabi/13.2.1/../../../arm-none-eabi/lib/thumb/v6-m/nofp/libg.a(libc_a-fini.o)
                0x10005f38                __libc_fini_array
 .text          0x10005f60        0x8 /usr/lib/gcc/arm-none-eabi/13.2.1/../../../arm-none-eabi/lib/thumb/v6-m/nofp/libg.a(libc_a-envlock.o)
                0x10005f60                __env_lock
                0x10005f64                __env_unlock
 .text          0x10005f68       0x74 /usr/lib/gcc/arm-none-eabi/13.2.1/../../../arm-none-eabi/lib/thumb/v6-m/nofp/libg.a(libc_a-strncmp.o)
                0x10005f68                strncmp
 .text          0x10005fdc       0x78 /usr/lib/gcc/arm-none-eabi/13.2.1/../../../arm-none-eabi/lib/thumb/v6-m/nofp/libg.a(libc_a-__atexit.o)
                0x10005fdc                __register_exitproc
 .text.startup  0x10006054       0x18 /usr/lib/gcc/arm-none-eabi/13.2.1/../../../arm-none-eabi/lib/thumb/v6-m/nofp/libg.a(libc_a-__call_atexit.o)
 *(.fini)
 .fini          0x1000606c        0x4 /usr/lib/gcc/arm-none-eabi/13.2.1/thumb/v6-m/nofp/crti.o
                0x1000606c                _fini
 .fini.__stub   0x10006070       0x60 linker stubs
 *crtbegin.o(.ctors)
 *crtbegin?.o(.ctors)
 *(EXCLUDE_FILE(*crtend.o *crtend?.o) .ctors)
 *(SORT_BY_NAME(.ctors.*))
 *(.ctors)
 *crtbegin.o(.dtors)
 *crtbegin?.o(.dtors)
 *(EXCLUDE_FILE(*crtend.o *crtend?.o) .dtors)
 *(SORT_BY_NAME(.dtors.*))
 *(.dtors)
                0x100060d0                        . = ALIGN (0x4)
                0x100060d0                        PROVIDE (__preinit_array_start = .)
 *(SORT_BY_NAME(.preinit_array.*))
 .preinit_array.00100
                0x100060d0        0x4 CMakeFiles/ARK_Avionics.dir/home/kunsh/.pico-sdk/sdk/2.2.0/src/rp2_common/pico_runtime_init/runtime_init.c.o
                0x100060d0                __pre_init_runtime_init_early_resets
 .preinit_array.00101
                0x100060d4        0x4 CMakeFiles/ARK_Avionics.dir/home/kunsh/.pico-sdk/sdk/2.2.0/src/rp2_common/pico_runtime_init/runtime_init.c.o
                0x100060d4                __pre_init_runtime_init_usb_power_down
 .preinit_array.00275
                0x100060d8        0x4 CMakeFiles/ARK_Avionics.dir/home/kunsh/.pico-sdk/sdk/2.2.0/src/rp2_common/pico_bit_ops/bit_ops_aeabi.S.o
 .preinit_array.00300
                0x100060dc        0x4 CMakeFiles/ARK_Avionics.dir/home/kunsh/.pico-sdk/sdk/2.2.0/src/rp2_common/pico_mem_ops/mem_ops_aeabi.S.o
 .preinit_array.00350
                0x100060e0        0x4 CMakeFiles/ARK_Avionics.dir/home/kunsh/.pico-sdk/sdk/2.2.0/src/rp2_common/pico_double/double_aeabi_rp2040.S.o
 .preinit_array.00350
                0x100060e4        0x4 CMakeFiles/ARK_Avionics.dir/home/kunsh/.pico-sdk/sdk/2.2.0/src/rp2_common/pico_float/float_aeabi_rp2040.S.o
 .preinit_array.00500
                0x100060e8        0x4 CMakeFiles/ARK_Avionics.dir/home/kunsh/.pico-sdk/sdk/2.2.0/src/rp2_common/pico_runtime_init/runtime_init.c.o
                0x100060e8                __pre_init_runtime_init_clocks
 .preinit_array.00600
                0x100060ec        0x4 CMakeFiles/ARK_Avionics.dir/home/kunsh/.pico-sdk/sdk/2.2.0/src/rp2_common/pico_runtime_init/runtime_init.c.o
                0x100060ec                __pre_init_runtime_init_post_clock_resets
 .preinit_array.00700
                0x100060f0        0x4 CMakeFiles/ARK_Avionics.dir/home/kunsh/.pico-sdk/sdk/2.2.0/src/rp2_common/pico_runtime_init/runtime_init.c.o
                0x100060f0                __pre_init_runtime_init_rp2040_gpio_ie_disable
 .preinit_array.01000
                0x100060f4        0x4 CMakeFiles/ARK_Avionics.dir/home/kunsh/.pico-sdk/sdk/2.2.0/src/rp2_common/pico_runtime_init/runtime_init.c.o
                0x100060f4                __pre_init_runtime_init_spin_locks_reset
 .preinit_array.01100
                0x100060f8        0x4 CMakeFiles/ARK_Avionics.dir/home/kunsh/.pico-sdk/sdk/2.2.0/src/common/pico_sync/mutex.c.o
                0x100060f8                __pre_init_runtime_init_mutex
 .preinit_array.10080
                0x100060fc        0x4 CMakeFiles/ARK_Avionics.dir/home/kunsh/.pico-sdk/sdk/2.2.0/src/rp2_common/pico_runtime_init/runtime_init.c.o
                0x100060fc                __pre_init_runtime_init_install_ram_vector_table
 .preinit_array.11000
                0x10006100        0x4 CMakeFiles/ARK_Avionics.dir/home/kunsh/.pico-sdk/sdk/2.2.0/src/common/pico_time/time.c.o
                0x10006100                __pre_init_runtime_init_default_alarm_pool
 .preinit_array.YYYYY
                0x10006104        0x4 CMakeFiles/ARK_Avionics.dir/home/kunsh/.pico-sdk/sdk/2.2.0/src/rp2_common/pico_runtime/runtime.c.o
                0x10006104                __pre_init_first_per_core_initializer
 .preinit_array.ZZZZZ.01200
                0x10006108        0x4 CMakeFiles/ARK_Avionics.dir/home/kunsh/.pico-sdk/sdk/2.2.0/src/rp2_common/hardware_irq/irq.c.o
                0x10006108                __pre_init_runtime_init_per_core_irq_priorities
 *(.preinit_array)
                0x1000610c                        PROVIDE (__preinit_array_end = .)
                0x1000610c                        . = ALIGN (0x4)
                0x1000610c                        PROVIDE (__init_array_start = .)
 *(SORT_BY_NAME(.init_array.*))
 .init_array.00000
                0x1000610c        0x4 /usr/lib/gcc/arm-none-eabi/13.2.1/../../../arm-none-eabi/lib/thumb/v6-m/nofp/libg.a(libc_a-__call_atexit.o)
 *(.init_array)
 .init_array    0x10006110        0x4 /usr/lib/gcc/arm-none-eabi/13.2.1/thumb/v6-m/nofp/crtbegin.o
 .init_array    0x10006114        0x4 CMakeFiles/ARK_Avionics.dir/ARK/Kernel/StateMachine/States.cpp.o
 .init_array    0x10006118        0x4 CMakeFiles/ARK_Avionics.dir/ARK/System/Storage/Storage.cpp.o
 .init_array    0x1000611c        0x4 CMakeFiles/ARK_Avionics.dir/ARK/System/Console/Console.cpp.o
 .init_array    0x10006120        0x4 CMakeFiles/ARK_Avionics.dir/ARK/System/Time/Time.cpp.o
 .init_array    0x10006124        0x4 CMakeFiles/ARK_Avionics.dir/ARK/System/Clock/Clock.cpp.o
 .init_array    0x10006128        0x4 /usr/lib/gcc/arm-none-eabi/13.2.1/../../../arm-none-eabi/lib/thumb/v6-m/nofp/libstdc++.a(eh_alloc.o)
                0x1000612c                        PROVIDE (__init_array_end = .)
                0x1000612c                        . = ALIGN (0x4)
                0x1000612c                        PROVIDE (__fini_array_start = .)
 *(SORT_BY_NAME(.fini_array.*))
 *(.fini_array)
                0x1000612c                        PROVIDE (__fini_array_end = .)
 *(.eh_frame*)
 .eh_frame      0x1000612c        0x0 /usr/lib/gcc/arm-none-eabi/13.2.1/thumb/v6-m/nofp/crtbegin.o
                0x1000612c                        . = ALIGN (0x4)

.glue_7         0x1000612c        0x0
 .glue_7        0x1000612c        0x0 linker stubs

.glue_7t        0x1000612c        0x0
 .glue_7t       0x1000612c        0x0 linker stubs

.vfp11_veneer   0x1000612c        0x0
 .vfp11_veneer  0x1000612c        0x0 linker stubs

.v4_bx          0x1000612c        0x0
 .v4_bx         0x1000612c        0x0 linker stubs

.iplt           0x1000612c        0x0
 .iplt          0x1000612c        0x0 /usr/lib/gcc/arm-none-eabi/13.2.1/thumb/v6-m/nofp/crtbegin.o

.rodata         0x10006130      0x68c
 *(EXCLUDE_FILE(*libm.a: *libc.a:*lib_a-mem*.o *libgcc.a:) .rodata*)
 .rodata._ZN3ARK12SuperiorLoop5StartEv.str1.4
                0x10006130      0x1f8 CMakeFiles/ARK_Avionics.dir/ARK/Kernel/Loops/SuperiorLoop.cpp.o
                                 0x46 (size before relaxing)
 .rodata._ZTV13StatesManager
                0x10006328       0x60 CMakeFiles/ARK_Avionics.dir/ARK/Kernel/StateMachine/States.cpp.o
                0x10006328                vtable for StatesManager
 .rodata._ZN3ARK12SystemKernel10InitializeEv.str1.4
                0x10006388       0x24 CMakeFiles/ARK_Avionics.dir/ARK/Kernel/MicroKernels/SystemKernel/SystemKernel.cpp.o
 .rodata._ZN3ARK12SystemKernel4SyncEv
                0x10006388       0x50 CMakeFiles/ARK_Avionics.dir/ARK/Kernel/MicroKernels/SystemKernel/SystemKernel.cpp.o
 .rodata._ZL14ws2812_program
                0x100063d8        0x8 CMakeFiles/ARK_Avionics.dir/Modules/WS2812/WS2812.cpp.o
 .rodata._ZL27ws2812_program_instructions
                0x100063e0        0x8 CMakeFiles/ARK_Avionics.dir/Modules/WS2812/WS2812.cpp.o
 .rodata._ZN3ARK3HAL4Pico5Clock17ApplyMcuFrequencyEv.str1.4
                0x100063e8       0x32 CMakeFiles/ARK_Avionics.dir/ARK/Arch/Pico/Hal/Clock/Clock.cpp.o
 .rodata._ZTVN3ARK3HAL4Pico5ClockE
                0x100063e8       0x18 CMakeFiles/ARK_Avionics.dir/ARK/Arch/Pico/Hal/Clock/Clock.cpp.o
                0x100063e8                vtable for ARK::HAL::Pico::Clock
 .rodata._ZN3ARK3HAL4Pico7Console7SuccessERKNSt7__cxx1112basic_stringIcSt11char_traitsIcESaIcEEE.str1.4
                0x10006400        0xe CMakeFiles/ARK_Avionics.dir/ARK/Arch/Pico/Hal/Console/Console.cpp.o
 .rodata._ZN3ARK3HAL4Pico7Console5ErrorERKNSt7__cxx1112basic_stringIcSt11char_traitsIcESaIcEEE.str1.4
                0x10006400        0xc CMakeFiles/ARK_Avionics.dir/ARK/Arch/Pico/Hal/Console/Console.cpp.o
 .rodata._ZTVN3ARK3HAL4Pico7ConsoleE
                0x10006400       0x20 CMakeFiles/ARK_Avionics.dir/ARK/Arch/Pico/Hal/Console/Console.cpp.o
                0x10006400                vtable for ARK::HAL::Pico::Console
 .rodata._ZTVN3ARK3HAL4Pico5FlashE
                0x10006420       0x1c CMakeFiles/ARK_Avionics.dir/ARK/Arch/Pico/Hal/Flash/Flash.cpp.o
                0x10006420                vtable for ARK::HAL::Pico::Flash
 .rodata._ZTVN3ARK3HAL4Pico4TimeE
                0x1000643c       0x1c CMakeFiles/ARK_Avionics.dir/ARK/Arch/Pico/Hal/Time/Time.cpp.o
                0x1000643c                vtable for ARK::HAL::Pico::Time
 .rodata.panic.str1.4
                0x10006458       0x12 CMakeFiles/ARK_Avionics.dir/home/kunsh/.pico-sdk/sdk/2.2.0/src/rp2_common/pico_platform_panic/panic.c.o
 .rodata.timer_hardware_alarm_claim.str1.4
                0x10006458       0x22 CMakeFiles/ARK_Avionics.dir/home/kunsh/.pico-sdk/sdk/2.2.0/src/rp2_common/hardware_timer/timer.c.o
 .rodata.hard_assertion_failure.str1.4
                0x10006458        0xc CMakeFiles/ARK_Avionics.dir/home/kunsh/.pico-sdk/sdk/2.2.0/src/rp2_common/pico_runtime/runtime.c.o
 .rodata.__wrap_malloc.str1.4
                0x10006458        0xe CMakeFiles/ARK_Avionics.dir/home/kunsh/.pico-sdk/sdk/2.2.0/src/rp2_common/pico_malloc/malloc.c.o
 .rodata.str1.4
                0x10006458       0x44 CMakeFiles/ARK_Avionics.dir/home/kunsh/.pico-sdk/sdk/2.2.0/src/rp2_common/pico_standard_binary_info/standard_binary_info.c.o
 .rodata.__bi_84
                0x10006458        0xc CMakeFiles/ARK_Avionics.dir/home/kunsh/.pico-sdk/sdk/2.2.0/src/rp2_common/pico_standard_binary_info/standard_binary_info.c.o
 .rodata.__bi_78
                0x10006464        0xc CMakeFiles/ARK_Avionics.dir/home/kunsh/.pico-sdk/sdk/2.2.0/src/rp2_common/pico_standard_binary_info/standard_binary_info.c.o
 .rodata.__bi_54
                0x10006470        0xc CMakeFiles/ARK_Avionics.dir/home/kunsh/.pico-sdk/sdk/2.2.0/src/rp2_common/pico_standard_binary_info/standard_binary_info.c.o
 .rodata.__bi_48
                0x1000647c        0xc CMakeFiles/ARK_Avionics.dir/home/kunsh/.pico-sdk/sdk/2.2.0/src/rp2_common/pico_standard_binary_info/standard_binary_info.c.o
 .rodata.__bi_42
                0x10006488        0xc CMakeFiles/ARK_Avionics.dir/home/kunsh/.pico-sdk/sdk/2.2.0/src/rp2_common/pico_standard_binary_info/standard_binary_info.c.o
 .rodata.__bi_34
                0x10006494        0xc CMakeFiles/ARK_Avionics.dir/home/kunsh/.pico-sdk/sdk/2.2.0/src/rp2_common/pico_standard_binary_info/standard_binary_info.c.o
 .rodata.__bi_26
                0x100064a0        0xc CMakeFiles/ARK_Avionics.dir/home/kunsh/.pico-sdk/sdk/2.2.0/src/rp2_common/pico_standard_binary_info/standard_binary_info.c.o
 .rodata._ftoa.str1.4
                0x100064ac       0x15 CMakeFiles/ARK_Avionics.dir/home/kunsh/.pico-sdk/sdk/2.2.0/src/rp2_common/pico_printf/printf.c.o
 .rodata._vsnprintf
                0x100064ac      0x19c CMakeFiles/ARK_Avionics.dir/home/kunsh/.pico-sdk/sdk/2.2.0/src/rp2_common/pico_printf/printf.c.o
 .rodata.pow10.0
                0x10006648       0x50 CMakeFiles/ARK_Avionics.dir/home/kunsh/.pico-sdk/sdk/2.2.0/src/rp2_common/pico_printf/printf.c.o
 .rodata.crlf_str.0
                0x10006698        0x2 CMakeFiles/ARK_Avionics.dir/home/kunsh/.pico-sdk/sdk/2.2.0/src/rp2_common/pico_stdio/stdio.c.o
 .rodata.str1.4
                0x1000669a       0x2c CMakeFiles/ARK_Avionics.dir/home/kunsh/.pico-sdk/sdk/2.2.0/src/rp2_common/pico_stdio_uart/stdio_uart.c.o
 *fill*         0x1000669a        0x2 
 .rodata.__bi_45.4
                0x1000669c        0xc CMakeFiles/ARK_Avionics.dir/home/kunsh/.pico-sdk/sdk/2.2.0/src/rp2_common/pico_stdio_uart/stdio_uart.c.o
 .rodata.__bi_49.5
                0x100066a8        0x8 CMakeFiles/ARK_Avionics.dir/home/kunsh/.pico-sdk/sdk/2.2.0/src/rp2_common/pico_stdio_uart/stdio_uart.c.o
 .rodata.__bi_50.6
                0x100066b0        0x8 CMakeFiles/ARK_Avionics.dir/home/kunsh/.pico-sdk/sdk/2.2.0/src/rp2_common/pico_stdio_uart/stdio_uart.c.o
 .rodata.pio_claim_unused_sm.str1.4
                0x100066b8       0x24 CMakeFiles/ARK_Avionics.dir/home/kunsh/.pico-sdk/sdk/2.2.0/src/rp2_common/hardware_pio/pio.c.o
 .rodata._GLOBAL__sub_I__ZN9__gnu_cxx9__freeresEv.str1.4
                0x100066b8       0x3c /usr/lib/gcc/arm-none-eabi/13.2.1/../../../arm-none-eabi/lib/thumb/v6-m/nofp/libstdc++.a(eh_alloc.o)
 .rodata        0x100066b8      0x101 /usr/lib/gcc/arm-none-eabi/13.2.1/../../../arm-none-eabi/lib/thumb/v6-m/nofp/libg.a(libc_a-ctype_.o)
                0x100066b8                _ctype_
                0x100067bc                        . = ALIGN (0x4)
 *fill*         0x100067b9        0x3 
 *(SORT_BY_ALIGNMENT(SORT_BY_NAME(.flashdata*)))
                0x100067bc                        . = ALIGN (0x4)

.ARM.extab
 *(.ARM.extab* .gnu.linkonce.armextab.*)
                0x100067bc                        __exidx_start = .

.ARM.exidx      0x100067bc        0x8
 *(.ARM.exidx* .gnu.linkonce.armexidx.*)
 .ARM.exidx.text.startup._GLOBAL__sub_I__ZN9__gnu_cxx9__freeresEv
                0x100067bc        0x8 /usr/lib/gcc/arm-none-eabi/13.2.1/../../../arm-none-eabi/lib/thumb/v6-m/nofp/libstdc++.a(eh_alloc.o)
                0x100067c4                        __exidx_end = .
                0x100067c4                        . = ALIGN (0x4)
                0x100067c4                        __binary_info_start = .

.binary_info    0x100067c4       0x28
 *(.binary_info.keep.*)
 .binary_info.keep.__bi_ptr84
                0x100067c4        0x4 CMakeFiles/ARK_Avionics.dir/home/kunsh/.pico-sdk/sdk/2.2.0/src/rp2_common/pico_standard_binary_info/standard_binary_info.c.o
 .binary_info.keep.__bi_ptr78
                0x100067c8        0x4 CMakeFiles/ARK_Avionics.dir/home/kunsh/.pico-sdk/sdk/2.2.0/src/rp2_common/pico_standard_binary_info/standard_binary_info.c.o
 .binary_info.keep.__bi_ptr54
                0x100067cc        0x4 CMakeFiles/ARK_Avionics.dir/home/kunsh/.pico-sdk/sdk/2.2.0/src/rp2_common/pico_standard_binary_info/standard_binary_info.c.o
 .binary_info.keep.__bi_ptr48
                0x100067d0        0x4 CMakeFiles/ARK_Avionics.dir/home/kunsh/.pico-sdk/sdk/2.2.0/src/rp2_common/pico_standard_binary_info/standard_binary_info.c.o
 .binary_info.keep.__bi_ptr42
                0x100067d4        0x4 CMakeFiles/ARK_Avionics.dir/home/kunsh/.pico-sdk/sdk/2.2.0/src/rp2_common/pico_standard_binary_info/standard_binary_info.c.o
 .binary_info.keep.__bi_ptr34
                0x100067d8        0x4 CMakeFiles/ARK_Avionics.dir/home/kunsh/.pico-sdk/sdk/2.2.0/src/rp2_common/pico_standard_binary_info/standard_binary_info.c.o
 .binary_info.keep.__bi_ptr26
                0x100067dc        0x4 CMakeFiles/ARK_Avionics.dir/home/kunsh/.pico-sdk/sdk/2.2.0/src/rp2_common/pico_standard_binary_info/standard_binary_info.c.o
 *(.binary_info.*)
 .binary_info.__bi_ptr50
                0x100067e0        0x4 CMakeFiles/ARK_Avionics.dir/home/kunsh/.pico-sdk/sdk/2.2.0/src/rp2_common/pico_stdio_uart/stdio_uart.c.o
 .binary_info.__bi_ptr49
                0x100067e4        0x4 CMakeFiles/ARK_Avionics.dir/home/kunsh/.pico-sdk/sdk/2.2.0/src/rp2_common/pico_stdio_uart/stdio_uart.c.o
 .binary_info.__bi_ptr45
                0x100067e8        0x4 CMakeFiles/ARK_Avionics.dir/home/kunsh/.pico-sdk/sdk/2.2.0/src/rp2_common/pico_stdio_uart/stdio_uart.c.o
                0x100067ec                        __binary_info_end = .
                0x100067ec                        . = ALIGN (0x4)

.ram_vector_table
                0x20000000       0xc0
 *(.ram_vector_table)
 .ram_vector_table
                0x20000000       0xc0 CMakeFiles/ARK_Avionics.dir/home/kunsh/.pico-sdk/sdk/2.2.0/src/rp2_common/pico_runtime_init/runtime_init.c.o
                0x20000000                ram_vector_table

.uninitialized_data
                0x200000c0        0x0
                0x200000c0                        . = ALIGN (0x4)
 *(.uninitialized_data*)

.data           0x200000c0      0x87c load address 0x100067ec
                0x200000c0                        __data_start__ = .
 *(vtable)
 *(.time_critical*)
 .time_critical.mutex_try_enter_block_until
                0x200000c0       0x9c CMakeFiles/ARK_Avionics.dir/home/kunsh/.pico-sdk/sdk/2.2.0/src/common/pico_sync/mutex.c.o
                0x200000c0                mutex_try_enter_block_until
 .time_critical.mutex_exit
                0x2000015c       0x28 CMakeFiles/ARK_Avionics.dir/home/kunsh/.pico-sdk/sdk/2.2.0/src/common/pico_sync/mutex.c.o
                0x2000015c                mutex_exit
 .time_critical.flash_init_boot2_copyout
                0x20000184       0x30 CMakeFiles/ARK_Avionics.dir/home/kunsh/.pico-sdk/sdk/2.2.0/src/rp2_common/hardware_flash/flash.c.o
 .time_critical.flash_enable_xip_via_boot2
                0x200001b4        0xc CMakeFiles/ARK_Avionics.dir/home/kunsh/.pico-sdk/sdk/2.2.0/src/rp2_common/hardware_flash/flash.c.o
 .time_critical.flash_save_hardware_state
                0x200001c0       0x20 CMakeFiles/ARK_Avionics.dir/home/kunsh/.pico-sdk/sdk/2.2.0/src/rp2_common/hardware_flash/flash.c.o
 .time_critical.flash_restore_hardware_state
                0x200001e0       0x20 CMakeFiles/ARK_Avionics.dir/home/kunsh/.pico-sdk/sdk/2.2.0/src/rp2_common/hardware_flash/flash.c.o
 .time_critical.flash_range_erase
                0x20000200       0x90 CMakeFiles/ARK_Avionics.dir/home/kunsh/.pico-sdk/sdk/2.2.0/src/rp2_common/hardware_flash/flash.c.o
                0x20000200                flash_range_erase
 .time_critical.flash_range_program
                0x20000290       0x90 CMakeFiles/ARK_Avionics.dir/home/kunsh/.pico-sdk/sdk/2.2.0/src/rp2_common/hardware_flash/flash.c.o
                0x20000290                flash_range_program
 *(.text*)
 .text          0x20000320        0x4 /usr/lib/gcc/arm-none-eabi/13.2.1/thumb/v6-m/nofp/libgcc.a(_dvmd_tls.o)
                0x20000320                __aeabi_ldiv0
                0x20000320                __aeabi_idiv0
 *fill*         0x20000324        0x4 
 .text.__stub   0x20000328       0x20 linker stubs
                0x20000348                        . = ALIGN (0x4)
 *(.rodata*)
                0x20000348                        . = ALIGN (0x4)
 *(.data*)
 .data._ZZN3ARK12SuperiorLoop3RunEvE14lastSavedState
                0x20000348        0x4 CMakeFiles/ARK_Avionics.dir/ARK/Kernel/Loops/SuperiorLoop.cpp.o
 .data.flash_target_contents
                0x2000034c        0x4 CMakeFiles/ARK_Avionics.dir/ARK/Arch/Pico/Hal/Flash/Flash.cpp.o
                0x2000034c                flash_target_contents
 .data.striped_spin_lock_num
                0x20000350        0x1 CMakeFiles/ARK_Avionics.dir/home/kunsh/.pico-sdk/sdk/2.2.0/src/rp2_common/hardware_sync/sync.c.o
 *fill*         0x20000351        0x3 
 .data          0x20000354       0x48 CMakeFiles/ARK_Avionics.dir/home/kunsh/.pico-sdk/sdk/2.2.0/src/rp2_common/hardware_irq/irq_handler_chain.S.o
                0x20000354                irq_handler_chain_slots
                0x20000384                irq_handler_chain_first_slot
                0x2000038e                irq_handler_chain_remove_tail
 .data.default_alarm_pool
                0x2000039c       0x18 CMakeFiles/ARK_Avionics.dir/home/kunsh/.pico-sdk/sdk/2.2.0/src/common/pico_time/time.c.o
 *fill*         0x200003b4        0xc 
 .data.aeabi_bits_funcs
                0x200003c0       0x10 CMakeFiles/ARK_Avionics.dir/home/kunsh/.pico-sdk/sdk/2.2.0/src/rp2_common/pico_bit_ops/bit_ops_aeabi.S.o
                0x200003c0                aeabi_bits_funcs
                0x200003d0                aeabi_bits_funcs_end
 .data.aeabi_mem_funcs
                0x200003d0       0x10 CMakeFiles/ARK_Avionics.dir/home/kunsh/.pico-sdk/sdk/2.2.0/src/rp2_common/pico_mem_ops/mem_ops_aeabi.S.o
                0x200003d0                aeabi_mem_funcs
                0x200003e0                aeabi_mem_funcs_end
 .data.stdio_uart
                0x200003e0       0x18 CMakeFiles/ARK_Avionics.dir/home/kunsh/.pico-sdk/sdk/2.2.0/src/rp2_common/pico_stdio_uart/stdio_uart.c.o
                0x200003e0                stdio_uart
 .data          0x200003f8      0x128 /usr/lib/gcc/arm-none-eabi/13.2.1/../../../arm-none-eabi/lib/thumb/v6-m/nofp/libg.a(libc_a-impure.o)
                0x200003f8                _impure_ptr
                0x20000400                _impure_data
 .data          0x20000520      0x410 /usr/lib/gcc/arm-none-eabi/13.2.1/../../../arm-none-eabi/lib/thumb/v6-m/nofp/libg.a(libc_a-mallocr.o)
                0x20000520                __malloc_sbrk_base
                0x20000524                __malloc_trim_threshold
                0x20000528                __malloc_av_
 .data          0x20000930        0x4 /usr/lib/gcc/arm-none-eabi/13.2.1/../../../arm-none-eabi/lib/thumb/v6-m/nofp/libg.a(libc_a-environ.o)
                0x20000930                environ
                0x20000934                        . = ALIGN (0x4)
 *(.after_data.*)
                0x20000934                        . = ALIGN (0x4)
                0x20000934                        PROVIDE (__mutex_array_start = .)
 *(SORT_BY_NAME(.mutex_array.*))
 *(.mutex_array)
 .mutex_array   0x20000934        0x8 CMakeFiles/ARK_Avionics.dir/home/kunsh/.pico-sdk/sdk/2.2.0/src/rp2_common/pico_stdio/stdio.c.o
                0x2000093c                        PROVIDE (__mutex_array_end = .)
                0x2000093c                        . = ALIGN (0x4)
 *(.jcr)
                0x2000093c                        . = ALIGN (0x4)

.tm_clone_table
                0x2000093c        0x0 load address 0x10007068
 .tm_clone_table
                0x2000093c        0x0 /usr/lib/gcc/arm-none-eabi/13.2.1/thumb/v6-m/nofp/crtbegin.o
 .tm_clone_table
                0x2000093c        0x0 /usr/lib/gcc/arm-none-eabi/13.2.1/thumb/v6-m/nofp/crtend.o

.igot.plt       0x2000093c        0x0 load address 0x10007068
 .igot.plt      0x2000093c        0x0 /usr/lib/gcc/arm-none-eabi/13.2.1/thumb/v6-m/nofp/crtbegin.o

.tdata          0x2000093c        0x0 load address 0x10007068
                0x2000093c                        . = ALIGN (0x4)
 *(.tdata .tdata.* .gnu.linkonce.td.*)
                0x2000093c                        __tdata_end = .
                0x2000093c                        PROVIDE (__data_end__ = .)
                0x100067ec                        __etext = LOADADDR (.data)

.tbss           0x2000093c        0x0 load address 0x10007068
                0x2000093c                        . = ALIGN (0x4)
                0x2000093c                        __bss_start__ = .
                0x2000093c                        __tls_base = .
 *(.tbss .tbss.* .gnu.linkonce.tb.*)
 *(.tcommon)
                0x2000093c                        __tls_end = .

.bss            0x20000940      0x88c load address 0x10007068
                0x20000940                        . = ALIGN (0x4)
                0x20000940                        __tbss_end = .
 *(SORT_BY_ALIGNMENT(SORT_BY_NAME(.bss*)))
 .bss._ZN3ARK12g_flightDataE
                0x20000940       0x20 CMakeFiles/ARK_Avionics.dir/ARK/Kernel/MicroKernels/SystemKernel/SystemKernel.cpp.o
                0x20000940                ARK::g_flightData
 .bss._ZN3ARK6shadowE
                0x20000960       0x14 CMakeFiles/ARK_Avionics.dir/ARK/Kernel/Loops/SuperiorLoop.cpp.o
                0x20000960                ARK::shadow
 *fill*         0x20000974        0x4 
 .bss._ZZ8UserLoopvE10lastToggle
                0x20000978        0x8 CMakeFiles/ARK_Avionics.dir/User/UserCode.cpp.o
 .bss.default_alarm_pool_entries
                0x20000980      0x180 CMakeFiles/ARK_Avionics.dir/home/kunsh/.pico-sdk/sdk/2.2.0/src/common/pico_time/time.c.o
 .bss.sd_table  0x20000b00      0x100 CMakeFiles/ARK_Avionics.dir/home/kunsh/.pico-sdk/sdk/2.2.0/src/rp2_common/pico_double/double_init_rom_rp2040.c.o
                0x20000b00                sd_table
 .bss.sf_table  0x20000c00      0x100 CMakeFiles/ARK_Avionics.dir/home/kunsh/.pico-sdk/sdk/2.2.0/src/rp2_common/pico_float/float_init_rom_rp2040.c.o
                0x20000c00                sf_table
 .bss           0x20000d00       0x1c /usr/lib/gcc/arm-none-eabi/13.2.1/thumb/v6-m/nofp/crtbegin.o
 .bss           0x20000d1c       0x34 /usr/lib/gcc/arm-none-eabi/13.2.1/../../../arm-none-eabi/lib/thumb/v6-m/nofp/libg.a(libc_a-mallocr.o)
                0x20000d1c                __malloc_top_pad
                0x20000d20                __malloc_current_mallinfo
                0x20000d48                __malloc_max_sbrked_mem
                0x20000d4c                __malloc_max_total_mem
 .bss           0x20000d50      0x13c /usr/lib/gcc/arm-none-eabi/13.2.1/../../../arm-none-eabi/lib/thumb/v6-m/nofp/libg.a(libc_a-findfp.o)
                0x20000d50                __stdio_exit_handler
                0x20000d54                __sf
 .bss           0x20000e8c        0x4 /usr/lib/gcc/arm-none-eabi/13.2.1/../../../arm-none-eabi/lib/thumb/v6-m/nofp/libg.a(libc_a-environ.o)
 .bss           0x20000e90        0x4 /usr/lib/gcc/arm-none-eabi/13.2.1/../../../arm-none-eabi/lib/thumb/v6-m/nofp/libg.a(libc_a-reent.o)
                0x20000e90                errno
 .bss           0x20000e94      0x190 /usr/lib/gcc/arm-none-eabi/13.2.1/../../../arm-none-eabi/lib/thumb/v6-m/nofp/libg.a(libc_a-__atexit.o)
                0x20000e94                __atexit0
 .bss           0x20001024        0x4 /usr/lib/gcc/arm-none-eabi/13.2.1/../../../arm-none-eabi/lib/thumb/v6-m/nofp/libg.a(libc_a-__call_atexit.o)
                0x20001024                __atexit
 .bss.FlightManager
                0x20001028        0x8 CMakeFiles/ARK_Avionics.dir/ARK/Kernel/StateMachine/States.cpp.o
                0x20001028                FlightManager
 .bss._ZN12_GLOBAL__N_114emergency_poolE
                0x20001030       0x10 /usr/lib/gcc/arm-none-eabi/13.2.1/../../../arm-none-eabi/lib/thumb/v6-m/nofp/libstdc++.a(eh_alloc.o)
 .bss._ZN3ARK10SystemTimeE
                0x20001040        0x4 CMakeFiles/ARK_Avionics.dir/ARK/System/Time/Time.cpp.o
                0x20001040                ARK::SystemTime
 .bss._ZN3ARK11SystemClockE
                0x20001044        0x4 CMakeFiles/ARK_Avionics.dir/ARK/System/Clock/Clock.cpp.o
                0x20001044                ARK::SystemClock
 .bss._ZN3ARK11SystemFlashE
                0x20001048        0x4 CMakeFiles/ARK_Avionics.dir/ARK/System/Storage/Storage.cpp.o
                0x20001048                ARK::SystemFlash
 .bss._ZN3ARK13SystemConsoleE
                0x2000104c        0x4 CMakeFiles/ARK_Avionics.dir/ARK/System/Console/Console.cpp.o
                0x2000104c                ARK::SystemConsole
 .bss._ZN3ARK4FDIR13currentFaultsE
                0x20001050        0x4 CMakeFiles/ARK_Avionics.dir/ARK/System/FDIR/FDIR.cpp.o
                0x20001050                ARK::FDIR::currentFaults
 .bss._used_instruction_space
                0x20001054        0x8 CMakeFiles/ARK_Avionics.dir/home/kunsh/.pico-sdk/sdk/2.2.0/src/rp2_common/hardware_pio/pio.c.o
 .bss.boot2_copyout
                0x2000105c      0x100 CMakeFiles/ARK_Avionics.dir/home/kunsh/.pico-sdk/sdk/2.2.0/src/rp2_common/hardware_flash/flash.c.o
 .bss.chars_available_callback
                0x2000115c        0x4 CMakeFiles/ARK_Avionics.dir/home/kunsh/.pico-sdk/sdk/2.2.0/src/rp2_common/pico_stdio_uart/stdio_uart.c.o
 .bss.chars_available_param
                0x20001160        0x4 CMakeFiles/ARK_Avionics.dir/home/kunsh/.pico-sdk/sdk/2.2.0/src/rp2_common/pico_stdio_uart/stdio_uart.c.o
 .bss.claimed   0x20001164        0x1 CMakeFiles/ARK_Avionics.dir/home/kunsh/.pico-sdk/sdk/2.2.0/src/rp2_common/hardware_timer/timer.c.o
 *fill*         0x20001165        0x3 
 .bss.claimed   0x20001168        0x1 CMakeFiles/ARK_Avionics.dir/home/kunsh/.pico-sdk/sdk/2.2.0/src/rp2_common/hardware_pio/pio.c.o
 *fill*         0x20001169        0x3 
 .bss.configured_freq
                0x2000116c       0x28 CMakeFiles/ARK_Avionics.dir/home/kunsh/.pico-sdk/sdk/2.2.0/src/rp2_common/hardware_clocks/clocks.c.o
 .bss.drivers   0x20001194        0x4 CMakeFiles/ARK_Avionics.dir/home/kunsh/.pico-sdk/sdk/2.2.0/src/rp2_common/pico_stdio/stdio.c.o
 .bss.filter    0x20001198        0x4 CMakeFiles/ARK_Avionics.dir/home/kunsh/.pico-sdk/sdk/2.2.0/src/rp2_common/pico_stdio/stdio.c.o
 .bss.heap_end.0
                0x2000119c        0x4 CMakeFiles/ARK_Avionics.dir/home/kunsh/.pico-sdk/sdk/2.2.0/src/rp2_common/pico_clib_interface/newlib_interface.c.o
 .bss.lazy_vsnprintf
                0x200011a0        0x4 CMakeFiles/ARK_Avionics.dir/home/kunsh/.pico-sdk/sdk/2.2.0/src/rp2_common/pico_printf/printf.c.o
 .bss.onboardLed
                0x200011a4        0x4 CMakeFiles/ARK_Avionics.dir/User/UserCode.cpp.o
                0x200011a4                onboardLed
 .bss.pools     0x200011a8       0x10 CMakeFiles/ARK_Avionics.dir/home/kunsh/.pico-sdk/sdk/2.2.0/src/common/pico_time/time.c.o
 .bss.sf_clz_func
                0x200011b8        0x4 CMakeFiles/ARK_Avionics.dir/home/kunsh/.pico-sdk/sdk/2.2.0/src/rp2_common/pico_double/double_init_rom_rp2040.c.o
                0x200011b8                sf_clz_func
 .bss.sleep_notifier
                0x200011bc        0x4 CMakeFiles/ARK_Avionics.dir/home/kunsh/.pico-sdk/sdk/2.2.0/src/common/pico_time/time.c.o
 .bss.uart_char_to_line_feed
                0x200011c0        0x4 CMakeFiles/ARK_Avionics.dir/home/kunsh/.pico-sdk/sdk/2.2.0/src/rp2_common/hardware_uart/uart.c.o
                0x200011c0                uart_char_to_line_feed
 .bss.uart_instance
                0x200011c4        0x4 CMakeFiles/ARK_Avionics.dir/home/kunsh/.pico-sdk/sdk/2.2.0/src/rp2_common/pico_stdio_uart/stdio_uart.c.o
 .bss._ZZ8UserLoopvE5state
                0x200011c8        0x1 CMakeFiles/ARK_Avionics.dir/User/UserCode.cpp.o
 .bss.boot2_copyout_valid
                0x200011c9        0x1 CMakeFiles/ARK_Avionics.dir/home/kunsh/.pico-sdk/sdk/2.2.0/src/rp2_common/hardware_flash/flash.c.o
 .bss.irq_handler_chain_free_slot_head
                0x200011ca        0x1 CMakeFiles/ARK_Avionics.dir/home/kunsh/.pico-sdk/sdk/2.2.0/src/rp2_common/hardware_irq/irq.c.o
 *(COMMON)
                0x200011cc                        . = ALIGN (0x4)
 *fill*         0x200011cb        0x1 
                0x200011cc                        __bss_end__ = .

.heap           0x200011cc      0x800 load address 0x10007068
                0x200011cc                        __end__ = .
                0x200011cc                        end = __end__
 *(.heap*)
 .heap          0x200011cc      0x800 CMakeFiles/ARK_Avionics.dir/home/kunsh/.pico-sdk/sdk/2.2.0/src/rp2_common/pico_crt0/crt0.S.o
                0x20040000                        __HeapLimit = (ORIGIN (RAM) + LENGTH (RAM))

.scratch_x      0x20040000        0x0 load address 0x10007068
                0x20040000                        __scratch_x_start__ = .
 *(.scratch_x.*)
                0x20040000                        . = ALIGN (0x4)
                0x20040000                        __scratch_x_end__ = .
                0x10007068                        __scratch_x_source__ = LOADADDR (.scratch_x)

.scratch_y      0x20041000        0x0 load address 0x10007068
                0x20041000                        __scratch_y_start__ = .
 *(.scratch_y.*)
                0x20041000                        . = ALIGN (0x4)
                0x20041000                        __scratch_y_end__ = .
                0x10007068                        __scratch_y_source__ = LOADADDR (.scratch_y)

.stack1_dummy
 *(.stack1*)

.stack_dummy    0x20041000      0x800
 *(.stack*)
 .stack         0x20041000      0x800 CMakeFiles/ARK_Avionics.dir/home/kunsh/.pico-sdk/sdk/2.2.0/src/rp2_common/pico_crt0/crt0.S.o

.rel.dyn        0x20041800        0x0
 .rel.iplt      0x20041800        0x0 /usr/lib/gcc/arm-none-eabi/13.2.1/thumb/v6-m/nofp/crtbegin.o

.flash_end      0x10007068        0x0
 *(.embedded_end_block*)
                0x10007068                        PROVIDE (__flash_binary_end = .)
                0x20040000                        __StackLimit = (ORIGIN (RAM) + LENGTH (RAM))
                0x20041000                        __StackOneTop = (ORIGIN (SCRATCH_X) + LENGTH (SCRATCH_X))
                0x20042000                        __StackTop = (ORIGIN (SCRATCH_Y) + LENGTH (SCRATCH_Y))
                0x20041000                        __StackOneBottom = (__StackOneTop - SIZEOF (.stack1_dummy))
                0x20041800                        __StackBottom = (__StackTop - SIZEOF (.stack_dummy))
                0x20042000                        PROVIDE (__stack = __StackTop)
                [!provide]                        PROVIDE (__heap_start = __end__)
                [!provide]                        PROVIDE (__heap_end = __HeapLimit)
                [!provide]                        PROVIDE (__tls_align = MAX (ALIGNOF (.tdata), ALIGNOF (.tbss)))
                [!provide]                        PROVIDE (__tls_size_align = (((__tls_size + __tls_align) - 0x1) & ~ ((__tls_align - 0x1))))
                [!provide]                        PROVIDE (__arm32_tls_tcb_offset = MAX (0x8, __tls_align))
                [!provide]                        PROVIDE (_end = __end__)
                [!provide]                        PROVIDE (__llvm_libc_heap_limit = __HeapLimit)
                0x00000001                        ASSERT ((__StackLimit >= __HeapLimit), region RAM overflowed)
                0x00000001                        ASSERT (((__binary_info_header_end - __logical_binary_start) <= 0x100), Binary info must be in first 256 bytes of the binary)
LOAD CMakeFiles/ARK_Avionics.dir/ARK/Ark.cpp.o
LOAD CMakeFiles/ARK_Avionics.dir/ARK/Kernel/Loops/SuperiorLoop.cpp.o
LOAD CMakeFiles/ARK_Avionics.dir/ARK/Kernel/StateMachine/States.cpp.o
LOAD CMakeFiles/ARK_Avionics.dir/ARK/Kernel/MicroKernels/ModulesKernel/ModulesKernel.cpp.o
LOAD CMakeFiles/ARK_Avionics.dir/ARK/Kernel/MicroKernels/SystemKernel/SystemKernel.cpp.o
LOAD CMakeFiles/ARK_Avionics.dir/ARK/Kernel/MicroKernels/UserKernel/UserKernel.cpp.o
LOAD CMakeFiles/ARK_Avionics.dir/ARK/System/FDIR/FDIR.cpp.o
LOAD CMakeFiles/ARK_Avionics.dir/ARK/System/Storage/Storage.cpp.o
LOAD CMakeFiles/ARK_Avionics.dir/ARK/System/Console/Console.cpp.o
LOAD CMakeFiles/ARK_Avionics.dir/ARK/System/Time/Time.cpp.o
LOAD CMakeFiles/ARK_Avionics.dir/ARK/System/Clock/Clock.cpp.o
LOAD CMakeFiles/ARK_Avionics.dir/ARK/System/Power/Power.cpp.o
LOAD CMakeFiles/ARK_Avionics.dir/ARK/System/CommunicationProtocols/Gpio/Gpio.cpp.o
LOAD CMakeFiles/ARK_Avionics.dir/ARK/System/CommunicationProtocols/I2c/I2c.cpp.o
LOAD CMakeFiles/ARK_Avionics.dir/ARK/System/CommunicationProtocols/Spi/Spi.cpp.o
LOAD CMakeFiles/ARK_Avionics.dir/ARK/System/CommunicationProtocols/Uart/Uart.cpp.o
LOAD CMakeFiles/ARK_Avionics.dir/Modules/ModulesManager.cpp.o
LOAD CMakeFiles/ARK_Avionics.dir/Modules/WS2812/WS2812.cpp.o
LOAD CMakeFiles/ARK_Avionics.dir/User/UserCode.cpp.o
LOAD CMakeFiles/ARK_Avionics.dir/User/UserTransitions.cpp.o
LOAD CMakeFiles/ARK_Avionics.dir/ARK/Arch/Pico/Entry.cpp.o
LOAD CMakeFiles/ARK_Avionics.dir/ARK/Arch/Pico/Hal/Clock/Clock.cpp.o
LOAD CMakeFiles/ARK_Avionics.dir/ARK/Arch/Pico/Hal/Console/Console.cpp.o
LOAD CMakeFiles/ARK_Avionics.dir/ARK/Arch/Pico/Hal/Flash/Flash.cpp.o
LOAD CMakeFiles/ARK_Avionics.dir/ARK/Arch/Pico/Hal/Time/Time.cpp.o
LOAD CMakeFiles/ARK_Avionics.dir/home/kunsh/.pico-sdk/sdk/2.2.0/src/rp2_common/pico_stdlib/stdlib.c.o
LOAD CMakeFiles/ARK_Avionics.dir/home/kunsh/.pico-sdk/sdk/2.2.0/src/rp2_common/hardware_gpio/gpio.c.o
LOAD CMakeFiles/ARK_Avionics.dir/home/kunsh/.pico-sdk/sdk/2.2.0/src/rp2040/pico_platform/platform.c.o
LOAD CMakeFiles/ARK_Avionics.dir/home/kunsh/.pico-sdk/sdk/2.2.0/src/rp2_common/pico_platform_common/common.c.o
LOAD CMakeFiles/ARK_Avionics.dir/home/kunsh/.pico-sdk/sdk/2.2.0/src/rp2_common/pico_platform_panic/panic.c.o
LOAD CMakeFiles/ARK_Avionics.dir/home/kunsh/.pico-sdk/sdk/2.2.0/src/common/hardware_claim/claim.c.o
LOAD CMakeFiles/ARK_Avionics.dir/home/kunsh/.pico-sdk/sdk/2.2.0/src/rp2_common/hardware_sync/sync.c.o
LOAD CMakeFiles/ARK_Avionics.dir/home/kunsh/.pico-sdk/sdk/2.2.0/src/rp2_common/hardware_sync_spin_lock/sync_spin_lock.c.o
LOAD CMakeFiles/ARK_Avionics.dir/home/kunsh/.pico-sdk/sdk/2.2.0/src/rp2_common/hardware_irq/irq.c.o
LOAD CMakeFiles/ARK_Avionics.dir/home/kunsh/.pico-sdk/sdk/2.2.0/src/rp2_common/hardware_irq/irq_handler_chain.S.o
LOAD CMakeFiles/ARK_Avionics.dir/home/kunsh/.pico-sdk/sdk/2.2.0/src/common/pico_sync/sem.c.o
LOAD CMakeFiles/ARK_Avionics.dir/home/kunsh/.pico-sdk/sdk/2.2.0/src/common/pico_sync/lock_core.c.o
LOAD CMakeFiles/ARK_Avionics.dir/home/kunsh/.pico-sdk/sdk/2.2.0/src/common/pico_sync/mutex.c.o
LOAD CMakeFiles/ARK_Avionics.dir/home/kunsh/.pico-sdk/sdk/2.2.0/src/common/pico_sync/critical_section.c.o
LOAD CMakeFiles/ARK_Avionics.dir/home/kunsh/.pico-sdk/sdk/2.2.0/src/common/pico_time/time.c.o
LOAD CMakeFiles/ARK_Avionics.dir/home/kunsh/.pico-sdk/sdk/2.2.0/src/common/pico_time/timeout_helper.c.o
LOAD CMakeFiles/ARK_Avionics.dir/home/kunsh/.pico-sdk/sdk/2.2.0/src/rp2_common/hardware_timer/timer.c.o
LOAD CMakeFiles/ARK_Avionics.dir/home/kunsh/.pico-sdk/sdk/2.2.0/src/common/pico_util/datetime.c.o
LOAD CMakeFiles/ARK_Avionics.dir/home/kunsh/.pico-sdk/sdk/2.2.0/src/common/pico_util/pheap.c.o
LOAD CMakeFiles/ARK_Avionics.dir/home/kunsh/.pico-sdk/sdk/2.2.0/src/common/pico_util/queue.c.o
LOAD CMakeFiles/ARK_Avionics.dir/home/kunsh/.pico-sdk/sdk/2.2.0/src/rp2_common/hardware_uart/uart.c.o
LOAD CMakeFiles/ARK_Avionics.dir/home/kunsh/.pico-sdk/sdk/2.2.0/src/rp2_common/hardware_clocks/clocks.c.o
LOAD CMakeFiles/ARK_Avionics.dir/home/kunsh/.pico-sdk/sdk/2.2.0/src/rp2_common/hardware_pll/pll.c.o
LOAD CMakeFiles/ARK_Avionics.dir/home/kunsh/.pico-sdk/sdk/2.2.0/src/rp2_common/hardware_vreg/vreg.c.o
LOAD CMakeFiles/ARK_Avionics.dir/home/kunsh/.pico-sdk/sdk/2.2.0/src/rp2_common/hardware_watchdog/watchdog.c.o
LOAD CMakeFiles/ARK_Avionics.dir/home/kunsh/.pico-sdk/sdk/2.2.0/src/rp2_common/hardware_ticks/ticks.c.o
LOAD CMakeFiles/ARK_Avionics.dir/home/kunsh/.pico-sdk/sdk/2.2.0/src/rp2_common/pico_bootrom/bootrom.c.o
LOAD CMakeFiles/ARK_Avionics.dir/home/kunsh/.pico-sdk/sdk/2.2.0/src/rp2_common/pico_bootrom/bootrom_lock.c.o
LOAD CMakeFiles/ARK_Avionics.dir/home/kunsh/.pico-sdk/sdk/2.2.0/src/rp2_common/hardware_boot_lock/boot_lock.c.o
LOAD CMakeFiles/ARK_Avionics.dir/home/kunsh/.pico-sdk/sdk/2.2.0/src/rp2_common/pico_flash/flash.c.o
LOAD CMakeFiles/ARK_Avionics.dir/home/kunsh/.pico-sdk/sdk/2.2.0/src/rp2_common/hardware_xosc/xosc.c.o
LOAD CMakeFiles/ARK_Avionics.dir/home/kunsh/.pico-sdk/sdk/2.2.0/src/rp2_common/hardware_divider/divider.S.o
LOAD CMakeFiles/ARK_Avionics.dir/home/kunsh/.pico-sdk/sdk/2.2.0/src/rp2_common/pico_runtime/runtime.c.o
LOAD CMakeFiles/ARK_Avionics.dir/home/kunsh/.pico-sdk/sdk/2.2.0/src/rp2_common/pico_runtime_init/runtime_init.c.o
LOAD CMakeFiles/ARK_Avionics.dir/home/kunsh/.pico-sdk/sdk/2.2.0/src/rp2_common/pico_runtime_init/runtime_init_clocks.c.o
LOAD CMakeFiles/ARK_Avionics.dir/home/kunsh/.pico-sdk/sdk/2.2.0/src/rp2_common/pico_runtime_init/runtime_init_stack_guard.c.o
LOAD CMakeFiles/ARK_Avionics.dir/home/kunsh/.pico-sdk/sdk/2.2.0/src/rp2_common/pico_bit_ops/bit_ops_aeabi.S.o
LOAD CMakeFiles/ARK_Avionics.dir/home/kunsh/.pico-sdk/sdk/2.2.0/src/rp2_common/pico_divider/divider_hardware.S.o
LOAD CMakeFiles/ARK_Avionics.dir/home/kunsh/.pico-sdk/sdk/2.2.0/src/rp2_common/pico_double/double_aeabi_rp2040.S.o
LOAD CMakeFiles/ARK_Avionics.dir/home/kunsh/.pico-sdk/sdk/2.2.0/src/rp2_common/pico_double/double_init_rom_rp2040.c.o
LOAD CMakeFiles/ARK_Avionics.dir/home/kunsh/.pico-sdk/sdk/2.2.0/src/rp2_common/pico_double/double_math.c.o
LOAD CMakeFiles/ARK_Avionics.dir/home/kunsh/.pico-sdk/sdk/2.2.0/src/rp2_common/pico_double/double_v1_rom_shim_rp2040.S.o
LOAD CMakeFiles/ARK_Avionics.dir/home/kunsh/.pico-sdk/sdk/2.2.0/src/rp2_common/pico_int64_ops/pico_int64_ops_aeabi.S.o
LOAD CMakeFiles/ARK_Avionics.dir/home/kunsh/.pico-sdk/sdk/2.2.0/src/rp2_common/pico_float/float_aeabi_rp2040.S.o
LOAD CMakeFiles/ARK_Avionics.dir/home/kunsh/.pico-sdk/sdk/2.2.0/src/rp2_common/pico_float/float_init_rom_rp2040.c.o
LOAD CMakeFiles/ARK_Avionics.dir/home/kunsh/.pico-sdk/sdk/2.2.0/src/rp2_common/pico_float/float_math.c.o
LOAD CMakeFiles/ARK_Avionics.dir/home/kunsh/.pico-sdk/sdk/2.2.0/src/rp2_common/pico_float/float_v1_rom_shim_rp2040.S.o
LOAD CMakeFiles/ARK_Avionics.dir/home/kunsh/.pico-sdk/sdk/2.2.0/src/rp2_common/pico_malloc/malloc.c.o
LOAD CMakeFiles/ARK_Avionics.dir/home/kunsh/.pico-sdk/sdk/2.2.0/src/rp2_common/pico_mem_ops/mem_ops_aeabi.S.o
LOAD CMakeFiles/ARK_Avionics.dir/home/kunsh/.pico-sdk/sdk/2.2.0/src/rp2_common/pico_atomic/atomic.c.o
LOAD CMakeFiles/ARK_Avionics.dir/home/kunsh/.pico-sdk/sdk/2.2.0/src/rp2_common/pico_cxx_options/new_delete.cpp.o
LOAD CMakeFiles/ARK_Avionics.dir/home/kunsh/.pico-sdk/sdk/2.2.0/src/rp2_common/pico_standard_binary_info/standard_binary_info.c.o
LOAD CMakeFiles/ARK_Avionics.dir/home/kunsh/.pico-sdk/sdk/2.2.0/src/rp2_common/pico_printf/printf.c.o
LOAD CMakeFiles/ARK_Avionics.dir/home/kunsh/.pico-sdk/sdk/2.2.0/src/rp2_common/pico_crt0/crt0.S.o
LOAD CMakeFiles/ARK_Avionics.dir/home/kunsh/.pico-sdk/sdk/2.2.0/src/rp2_common/pico_clib_interface/newlib_interface.c.o
LOAD CMakeFiles/ARK_Avionics.dir/home/kunsh/.pico-sdk/sdk/2.2.0/src/rp2_common/pico_stdio/stdio.c.o
LOAD CMakeFiles/ARK_Avionics.dir/home/kunsh/.pico-sdk/sdk/2.2.0/src/rp2_common/pico_stdio_uart/stdio_uart.c.o
LOAD CMakeFiles/ARK_Avionics.dir/home/kunsh/.pico-sdk/sdk/2.2.0/src/rp2_common/hardware_i2c/i2c.c.o
LOAD CMakeFiles/ARK_Avionics.dir/home/kunsh/.pico-sdk/sdk/2.2.0/src/rp2_common/hardware_spi/spi.c.o
LOAD CMakeFiles/ARK_Avionics.dir/home/kunsh/.pico-sdk/sdk/2.2.0/src/rp2_common/hardware_flash/flash.c.o
LOAD CMakeFiles/ARK_Avionics.dir/home/kunsh/.pico-sdk/sdk/2.2.0/src/rp2_common/hardware_xip_cache/xip_cache.c.o
LOAD CMakeFiles/ARK_Avionics.dir/home/kunsh/.pico-sdk/sdk/2.2.0/src/rp2_common/hardware_adc/adc.c.o
LOAD CMakeFiles/ARK_Avionics.dir/home/kunsh/.pico-sdk/sdk/2.2.0/src/rp2_common/hardware_pio/pio.c.o
LOAD pico-sdk/src/rp2040/boot_stage2/CMakeFiles/bs2_default_library.dir/bs2_default_padded_checksummed.S.o
LOAD /usr/lib/gcc/arm-none-eabi/13.2.1/../../../arm-none-eabi/lib/thumb/v6-m/nofp/libstdc++.a
LOAD /usr/lib/gcc/arm-none-eabi/13.2.1/../../../arm-none-eabi/lib/thumb/v6-m/nofp/libm.a
START GROUP
LOAD /usr/lib/gcc/arm-none-eabi/13.2.1/thumb/v6-m/nofp/libgcc.a
LOAD /usr/lib/gcc/arm-none-eabi/13.2.1/../../../arm-none-eabi/lib/thumb/v6-m/nofp/libg.a
LOAD /usr/lib/gcc/arm-none-eabi/13.2.1/../../../arm-none-eabi/lib/thumb/v6-m/nofp/libc.a
END GROUP
START GROUP
LOAD /usr/lib/gcc/arm-none-eabi/13.2.1/thumb/v6-m/nofp/libgcc.a
LOAD /usr/lib/gcc/arm-none-eabi/13.2.1/../../../arm-none-eabi/lib/thumb/v6-m/nofp/libc.a
LOAD /usr/lib/gcc/arm-none-eabi/13.2.1/../../../arm-none-eabi/lib/thumb/v6-m/nofp/libnosys.a
END GROUP
LOAD /usr/lib/gcc/arm-none-eabi/13.2.1/thumb/v6-m/nofp/crtend.o
LOAD /usr/lib/gcc/arm-none-eabi/13.2.1/thumb/v6-m/nofp/crtn.o
OUTPUT(ARK_Avionics.elf elf32-littlearm)
LOAD linker stubs

.ARM.attributes
                0x00000000       0x28
 .ARM.attributes
                0x00000000       0x1e /usr/lib/gcc/arm-none-eabi/13.2.1/thumb/v6-m/nofp/crti.o
 .ARM.attributes
                0x0000001e       0x2c /usr/lib/gcc/arm-none-eabi/13.2.1/thumb/v6-m/nofp/crtbegin.o
 .ARM.attributes
                0x0000004a       0x2c CMakeFiles/ARK_Avionics.dir/ARK/Kernel/Loops/SuperiorLoop.cpp.o
 .ARM.attributes
                0x00000076       0x2c CMakeFiles/ARK_Avionics.dir/ARK/Kernel/StateMachine/States.cpp.o
 .ARM.attributes
                0x000000a2       0x2c CMakeFiles/ARK_Avionics.dir/ARK/Kernel/MicroKernels/ModulesKernel/ModulesKernel.cpp.o
 .ARM.attributes
                0x000000ce       0x2c CMakeFiles/ARK_Avionics.dir/ARK/Kernel/MicroKernels/SystemKernel/SystemKernel.cpp.o
 .ARM.attributes
                0x000000fa       0x2c CMakeFiles/ARK_Avionics.dir/ARK/Kernel/MicroKernels/UserKernel/UserKernel.cpp.o
 .ARM.attributes
                0x00000126       0x2c CMakeFiles/ARK_Avionics.dir/ARK/System/FDIR/FDIR.cpp.o
 .ARM.attributes